Component: ARM Compiler 5.06 update 7 (build 960) Tool: armlink [4d3601]

==============================================================================

Section Cross References

    startup_stm32f103xe.o(RESET) refers to startup_stm32f103xe.o(STACK) for __initial_sp
    startup_stm32f103xe.o(RESET) refers to startup_stm32f103xe.o(.text) for Reset_Handler
    startup_stm32f103xe.o(RESET) refers to stm32f1xx_it.o(i.NMI_Handler) for NMI_Handler
    startup_stm32f103xe.o(RESET) refers to stm32f1xx_it.o(i.HardFault_Handler) for HardFault_Handler
    startup_stm32f103xe.o(RESET) refers to stm32f1xx_it.o(i.MemManage_Handler) for MemManage_Handler
    startup_stm32f103xe.o(RESET) refers to stm32f1xx_it.o(i.BusFault_Handler) for BusFault_Handler
    startup_stm32f103xe.o(RESET) refers to stm32f1xx_it.o(i.UsageFault_Handler) for UsageFault_Handler
    startup_stm32f103xe.o(RESET) refers to stm32f1xx_it.o(i.SVC_Handler) for SVC_Handler
    startup_stm32f103xe.o(RESET) refers to stm32f1xx_it.o(i.DebugMon_Handler) for DebugMon_Handler
    startup_stm32f103xe.o(RESET) refers to stm32f1xx_it.o(i.PendSV_Handler) for PendSV_Handler
    startup_stm32f103xe.o(RESET) refers to stm32f1xx_it.o(i.SysTick_Handler) for SysTick_Handler
    startup_stm32f103xe.o(RESET) refers to stm32f1xx_it.o(i.DMA1_Channel1_IRQHandler) for DMA1_Channel1_IRQHandler
    startup_stm32f103xe.o(RESET) refers to stm32f1xx_it.o(i.USB_LP_CAN1_RX0_IRQHandler) for USB_LP_CAN1_RX0_IRQHandler
    startup_stm32f103xe.o(.text) refers to system_stm32f1xx.o(i.SystemInit) for SystemInit
    startup_stm32f103xe.o(.text) refers to entry.o(.ARM.Collect$$$$00000000) for __main
    main.o(i.SystemClock_Config) refers to memseta.o(.text) for __aeabi_memclr4
    main.o(i.SystemClock_Config) refers to stm32f1xx_hal_rcc.o(i.HAL_RCC_OscConfig) for HAL_RCC_OscConfig
    main.o(i.SystemClock_Config) refers to stm32f1xx_hal_rcc.o(i.HAL_RCC_ClockConfig) for HAL_RCC_ClockConfig
    main.o(i.SystemClock_Config) refers to stm32f1xx_hal_rcc_ex.o(i.HAL_RCCEx_PeriphCLKConfig) for HAL_RCCEx_PeriphCLKConfig
    main.o(i.main) refers to stm32f1xx_hal.o(i.HAL_Init) for HAL_Init
    main.o(i.main) refers to main.o(i.SystemClock_Config) for SystemClock_Config
    main.o(i.main) refers to gpio.o(i.MX_GPIO_Init) for MX_GPIO_Init
    main.o(i.main) refers to dma.o(i.MX_DMA_Init) for MX_DMA_Init
    main.o(i.main) refers to adc.o(i.MX_ADC1_Init) for MX_ADC1_Init
    main.o(i.main) refers to usart.o(i.MX_USART1_UART_Init) for MX_USART1_UART_Init
    main.o(i.main) refers to usb_device.o(i.MX_USB_DEVICE_Init) for MX_USB_DEVICE_Init
    main.o(i.main) refers to xinput.o(i.Xinput_Init) for Xinput_Init
    main.o(i.main) refers to xinput.o(i.Xinput_Send) for Xinput_Send
    main.o(i.main) refers to stm32f1xx_hal.o(i.HAL_Delay) for HAL_Delay
    adc.o(i.HAL_ADC_MspDeInit) refers to stm32f1xx_hal_gpio.o(i.HAL_GPIO_DeInit) for HAL_GPIO_DeInit
    adc.o(i.HAL_ADC_MspDeInit) refers to stm32f1xx_hal_dma.o(i.HAL_DMA_DeInit) for HAL_DMA_DeInit
    adc.o(i.HAL_ADC_MspInit) refers to stm32f1xx_hal_gpio.o(i.HAL_GPIO_Init) for HAL_GPIO_Init
    adc.o(i.HAL_ADC_MspInit) refers to stm32f1xx_hal_dma.o(i.HAL_DMA_Init) for HAL_DMA_Init
    adc.o(i.HAL_ADC_MspInit) refers to main.o(i.Error_Handler) for Error_Handler
    adc.o(i.HAL_ADC_MspInit) refers to adc.o(.bss) for .bss
    adc.o(i.MX_ADC1_Init) refers to stm32f1xx_hal_adc.o(i.HAL_ADC_Init) for HAL_ADC_Init
    adc.o(i.MX_ADC1_Init) refers to main.o(i.Error_Handler) for Error_Handler
    adc.o(i.MX_ADC1_Init) refers to stm32f1xx_hal_adc.o(i.HAL_ADC_ConfigChannel) for HAL_ADC_ConfigChannel
    adc.o(i.MX_ADC1_Init) refers to adc.o(.bss) for .bss
    usart.o(i.HAL_UART_MspDeInit) refers to stm32f1xx_hal_gpio.o(i.HAL_GPIO_DeInit) for HAL_GPIO_DeInit
    usart.o(i.HAL_UART_MspInit) refers to stm32f1xx_hal_gpio.o(i.HAL_GPIO_Init) for HAL_GPIO_Init
    usart.o(i.MX_USART1_UART_Init) refers to stm32f1xx_hal_uart.o(i.HAL_UART_Init) for HAL_UART_Init
    usart.o(i.MX_USART1_UART_Init) refers to main.o(i.Error_Handler) for Error_Handler
    usart.o(i.MX_USART1_UART_Init) refers to usart.o(.bss) for .bss
    usart.o(i.fputc) refers to stm32f1xx_hal_uart.o(i.HAL_UART_Transmit) for HAL_UART_Transmit
    usart.o(i.fputc) refers to usart.o(.bss) for .bss
    stm32f1xx_it.o(i.DMA1_Channel1_IRQHandler) refers to stm32f1xx_hal_dma.o(i.HAL_DMA_IRQHandler) for HAL_DMA_IRQHandler
    stm32f1xx_it.o(i.DMA1_Channel1_IRQHandler) refers to adc.o(.bss) for hdma_adc1
    stm32f1xx_it.o(i.SysTick_Handler) refers to stm32f1xx_hal.o(i.HAL_IncTick) for HAL_IncTick
    stm32f1xx_it.o(i.USB_LP_CAN1_RX0_IRQHandler) refers to stm32f1xx_hal_pcd.o(i.HAL_PCD_IRQHandler) for HAL_PCD_IRQHandler
    stm32f1xx_it.o(i.USB_LP_CAN1_RX0_IRQHandler) refers to usbd_conf.o(.bss) for hpcd_USB_FS
    usb_device.o(i.MX_USB_DEVICE_Init) refers to usbd_core.o(i.USBD_Init) for USBD_Init
    usb_device.o(i.MX_USB_DEVICE_Init) refers to main.o(i.Error_Handler) for Error_Handler
[...]
    ..\Drivers\STM32F1xx_HAL_Driver\Src\stm32f1xx_hal.c 0x00000000   Number         0  stm32f1xx_hal.o ABSOLUTE
    ..\Drivers\STM32F1xx_HAL_Driver\Src\stm32f1xx_hal_adc.c 0x00000000   Number         0  stm32f1xx_hal_adc.o ABSOLUTE
    ..\Drivers\STM32F1xx_HAL_Driver\Src\stm32f1xx_hal_adc_ex.c 0x00000000   Number         0  stm32f1xx_hal_adc_ex.o ABSOLUTE
    ..\Drivers\STM32F1xx_HAL_Driver\Src\stm32f1xx_hal_cortex.c 0x00000000   Number         0  stm32f1xx_hal_cortex.o ABSOLUTE
    ..\Drivers\STM32F1xx_HAL_Driver\Src\stm32f1xx_hal_dma.c 0x00000000   Number         0  stm32f1xx_hal_dma.o ABSOLUTE
    ..\Drivers\STM32F1xx_HAL_Driver\Src\stm32f1xx_hal_exti.c 0x00000000   Number         0  stm32f1xx_hal_exti.o ABSOLUTE
    ..\Drivers\STM32F1xx_HAL_Driver\Src\stm32f1xx_hal_flash.c 0x00000000   Number         0  stm32f1xx_hal_flash.o ABSOLUTE
    ..\Drivers\STM32F1xx_HAL_Driver\Src\stm32f1xx_hal_flash_ex.c 0x00000000   Number         0  stm32f1xx_hal_flash_ex.o ABSOLUTE
    ..\Drivers\STM32F1xx_HAL_Driver\Src\stm32f1xx_hal_gpio.c 0x00000000   Number         0  stm32f1xx_hal_gpio.o ABSOLUTE
    ..\Drivers\STM32F1xx_HAL_Driver\Src\stm32f1xx_hal_gpio_ex.c 0x00000000   Number         0  stm32f1xx_hal_gpio_ex.o ABSOLUTE
    ..\Drivers\STM32F1xx_HAL_Driver\Src\stm32f1xx_hal_pcd.c 0x00000000   Number         0  stm32f1xx_hal_pcd.o ABSOLUTE
    ..\Drivers\STM32F1xx_HAL_Driver\Src\stm32f1xx_hal_pcd_ex.c 0x00000000   Number         0  stm32f1xx_hal_pcd_ex.o ABSOLUTE
    ..\Drivers\STM32F1xx_HAL_Driver\Src\stm32f1xx_hal_pwr.c 0x00000000   Number         0  stm32f1xx_hal_pwr.o ABSOLUTE
    ..\Drivers\STM32F1xx_HAL_Driver\Src\stm32f1xx_hal_rcc.c 0x00000000   Number         0  stm32f1xx_hal_rcc.o ABSOLUTE
    ..\Drivers\STM32F1xx_HAL_Driver\Src\stm32f1xx_hal_rcc_ex.c 0x00000000   Number         0  stm32f1xx_hal_rcc_ex.o ABSOLUTE
    ..\Drivers\STM32F1xx_HAL_Driver\Src\stm32f1xx_hal_tim.c 0x00000000   Number         0  stm32f1xx_hal_tim.o ABSOLUTE
    ..\Drivers\STM32F1xx_HAL_Driver\Src\stm32f1xx_hal_tim_ex.c 0x00000000   Number         0  stm32f1xx_hal_tim_ex.o ABSOLUTE
    ..\Drivers\STM32F1xx_HAL_Driver\Src\stm32f1xx_hal_uart.c 0x00000000   Number         0  stm32f1xx_hal_uart.o ABSOLUTE
    ..\Drivers\STM32F1xx_HAL_Driver\Src\stm32f1xx_ll_usb.c 0x00000000   Number         0  stm32f1xx_ll_usb.o ABSOLUTE
    ..\Drivers\Xinput\xinput.c               0x00000000   Number         0  xinput.o ABSOLUTE
    ..\Middlewares\ST\STM32_USB_Device_Library\Class\CustomHID\Src\usbd_customhid.c 0x00000000   Number         0  usbd_customhid.o ABSOLUTE
    ..\Middlewares\ST\STM32_USB_Device_Library\Core\Src\usbd_core.c 0x00000000   Number         0  usbd_core.o ABSOLUTE
    ..\Middlewares\ST\STM32_USB_Device_Library\Core\Src\usbd_ctlreq.c 0x00000000   Number         0  usbd_ctlreq.o ABSOLUTE
    ..\Middlewares\ST\STM32_USB_Device_Library\Core\Src\usbd_ioreq.c 0x00000000   Number         0  usbd_ioreq.o ABSOLUTE
    ..\USB_DEVICE\App\usb_device.c           0x00000000   Number         0  usb_device.o ABSOLUTE
    ..\USB_DEVICE\App\usbd_custom_hid_if.c   0x00000000   Number         0  usbd_custom_hid_if.o ABSOLUTE
    ..\USB_DEVICE\App\usbd_desc.c            0x00000000   Number         0  usbd_desc.o ABSOLUTE
    ..\USB_DEVICE\Target\usbd_conf.c         0x00000000   Number         0  usbd_conf.o ABSOLUTE
    ..\\Drivers\\Xinput\\xinput.c            0x00000000   Number         0  xinput.o ABSOLUTE
    cdrcmple.s                               0x00000000   Number         0  cdrcmple.o ABSOLUTE
    dc.s                                     0x00000000   Number         0  dc.o ABSOLUTE
    handlers.s                               0x00000000   Number         0  handlers.o ABSOLUTE
    init.s                                   0x00000000   Number         0  init.o ABSOLUTE
    startup_stm32f103xe.s                    0x00000000   Number         0  startup_stm32f103xe.o ABSOLUTE
    RESET                                    0x08000000   Section      304  startup_stm32f103xe.o(RESET)
    .ARM.Collect$$$$00000000                 0x08000130   Section        0  entry.o(.ARM.Collect$$$$00000000)
    .ARM.Collect$$$$00000001                 0x08000130   Section        4  entry2.o(.ARM.Collect$$$$00000001)
    .ARM.Collect$$$$00000004                 0x08000134   Section        4  entry5.o(.ARM.Collect$$$$00000004)
    .ARM.Collect$$$$00000008                 0x08000138   Section        0  entry7b.o(.ARM.Collect$$$$00000008)
    .ARM.Collect$$$$0000000A                 0x08000138   Section        0  entry8b.o(.ARM.Collect$$$$0000000A)
    .ARM.Collect$$$$0000000B                 0x08000138   Section        8  entry9a.o(.ARM.Collect$$$$0000000B)
    .ARM.Collect$$$$0000000E                 0x08000140   Section        4  entry12b.o(.ARM.Collect$$$$0000000E)
    .ARM.Collect$$$$0000000F                 0x08000144   Section        0  entry10a.o(.ARM.Collect$$$$0000000F)
    .ARM.Collect$$$$00000011                 0x08000144   Section        0  entry11a.o(.ARM.Collect$$$$00000011)
    .ARM.Collect$$$$00002712                 0x08000144   Section        4  entry2.o(.ARM.Collect$$$$00002712)
    __lit__00000000                          0x08000144   Data           4  entry2.o(.ARM.Collect$$$$00002712)
    .text                                    0x08000148   Section       36  startup_stm32f103xe.o(.text)
    .text                                    0x0800016c   Section        0  memcpya.o(.text)
    .text                                    0x08000190   Section        0  memseta.o(.text)
    .text                                    0x080001b4   Section        0  uidiv.o(.text)
    .text                                    0x080001e0   Section       36  init.o(.text)
    .text                                    0x08000204   Section        0  __dczerorl2.o(.text)
    i.ADC_ConversionStop_Disable             0x0800025c   Section        0  stm32f1xx_hal_adc.o(i.ADC_ConversionStop_Disable)
    i.ADC_DMAConvCplt                        0x080002b2   Section        0  stm32f1xx_hal_adc.o(i.ADC_DMAConvCplt)
    i.ADC_DMAError                           0x08000300   Section        0  stm32f1xx_hal_adc.o(i.ADC_DMAError)
    i.ADC_DMAHalfConvCplt                    0x0800031a   Section        0  stm32f1xx_hal_adc.o(i.ADC_DMAHalfConvCplt)
    i.ADC_Enable                             0x08000324   Section        0  stm32f1xx_hal_adc.o(i.ADC_Enable)
    i.ADC_Read                               0x080003a0   Section        0  xinput.o(i.ADC_Read)
    i.BusFault_Handler                       0x08000400   Section        0  stm32f1xx_it.o(i.BusFault_Handler)
    i.Button_Read                            0x08000404   Section        0  xinput.o(i.Button_Read)
    i.CUSTOM_HID_DeInit_FS                   0x08000478   Section        0  usbd_custom_hid_if.o(i.CUSTOM_HID_DeInit_FS)
    CUSTOM_HID_DeInit_FS                     0x08000479   Thumb Code     4  usbd_custom_hid_if.o(i.CUSTOM_HID_DeInit_FS)
    i.CUSTOM_HID_Init_FS                     0x0800047c   Section        0  usbd_custom_hid_if.o(i.CUSTOM_HID_Init_FS)
    CUSTOM_HID_Init_FS                       0x0800047d   Thumb Code     4  usbd_custom_hid_if.o(i.CUSTOM_HID_Init_FS)
    i.CUSTOM_HID_OutEvent_FS                 0x08000480   Section        0  usbd_custom_hid_if.o(i.CUSTOM_HID_OutEvent_FS)
    CUSTOM_HID_OutEvent_FS                   0x08000481   Thumb Code     4  usbd_custom_hid_if.o(i.CUSTOM_HID_OutEvent_FS)
    i.DMA1_Channel1_IRQHandler               0x08000484   Section        0  stm32f1xx_it.o(i.DMA1_Channel1_IRQHandler)
    i.DMA_SetConfig                          0x08000490   Section        0  stm32f1xx_hal_dma.o(i.DMA_SetConfig)
    DMA_SetConfig                            0x08000491   Thumb Code    42  stm32f1xx_hal_dma.o(i.DMA_SetConfig)
    i.DebugMon_Handler                       0x080004ba   Section        0  stm32f1xx_it.o(i.DebugMon_Handler)
    i.Error_Handler                          0x080004bc   Section        0  main.o(i.Error_Handler)
    i.HAL_ADC_ConfigChannel                  0x080004c0   Section        0  stm32f1xx_hal_adc.o(i.HAL_ADC_ConfigChannel)
    i.HAL_ADC_ConvCpltCallback               0x080005bc   Section        0  stm32f1xx_hal_adc.o(i.HAL_ADC_ConvCpltCallback)
    i.HAL_ADC_ConvHalfCpltCallback           0x080005be   Section        0  stm32f1xx_hal_adc.o(i.HAL_ADC_ConvHalfCpltCallback)
    i.HAL_ADC_ErrorCallback                  0x080005c0   Section        0  stm32f1xx_hal_adc.o(i.HAL_ADC_ErrorCallback)
    i.HAL_ADC_Init                           0x080005c4   Section        0  stm32f1xx_hal_adc.o(i.HAL_ADC_Init)
    i.HAL_ADC_MspInit                        0x080006e4   Section        0  adc.o(i.HAL_ADC_MspInit)
    i.HAL_ADC_Start_DMA                      0x08000774   Section        0  stm32f1xx_hal_adc.o(i.HAL_ADC_Start_DMA)
    i.HAL_DMA_IRQHandler                     0x08000880   Section        0  stm32f1xx_hal_dma.o(i.HAL_DMA_IRQHandler)
    i.HAL_DMA_Init                           0x08000ac8   Section        0  stm32f1xx_hal_dma.o(i.HAL_DMA_Init)
    i.HAL_DMA_Start_IT                       0x08000b44   Section        0  stm32f1xx_hal_dma.o(i.HAL_DMA_Start_IT)
    i.HAL_Delay                              0x08000bb4   Section        0  stm32f1xx_hal.o(i.HAL_Delay)
    i.HAL_GPIO_Init                          0x08000bd8   Section        0  stm32f1xx_hal_gpio.o(i.HAL_GPIO_Init)
    i.HAL_GPIO_ReadPin                       0x08000dd0   Section        0  stm32f1xx_hal_gpio.o(i.HAL_GPIO_ReadPin)
    i.HAL_GetTick                            0x08000ddc   Section        0  stm32f1xx_hal.o(i.HAL_GetTick)
    i.HAL_IncTick                            0x08000de8   Section        0  stm32f1xx_hal.o(i.HAL_IncTick)
    i.HAL_Init                               0x08000df8   Section        0  stm32f1xx_hal.o(i.HAL_Init)
    i.HAL_InitTick                           0x08000e1c   Section        0  stm32f1xx_hal.o(i.HAL_InitTick)
    i.HAL_MspInit                            0x08000e5c   Section        0  stm32f1xx_hal_msp.o(i.HAL_MspInit)
    i.HAL_NVIC_EnableIRQ                     0x08000e98   Section        0  stm32f1xx_hal_cortex.o(i.HAL_NVIC_EnableIRQ)
    i.HAL_NVIC_SetPriority                   0x08000eb4   Section        0  stm32f1xx_hal_cortex.o(i.HAL_NVIC_SetPriority)
    i.HAL_NVIC_SetPriorityGrouping           0x08000ef4   Section        0  stm32f1xx_hal_cortex.o(i.HAL_NVIC_SetPriorityGrouping)
    i.HAL_PCDEx_PMAConfig                    0x08000f18   Section        0  stm32f1xx_hal_pcd_ex.o(i.HAL_PCDEx_PMAConfig)
    i.HAL_PCDEx_SetConnectionState           0x08000f54   Section        0  usbd_conf.o(i.HAL_PCDEx_SetConnectionState)
    i.HAL_PCD_DataInStageCallback            0x08000f56   Section        0  usbd_conf.o(i.HAL_PCD_DataInStageCallback)
    i.HAL_PCD_DataOutStageCallback           0x08000f68   Section        0  usbd_conf.o(i.HAL_PCD_DataOutStageCallback)
    i.HAL_PCD_EP_Close                       0x08000f7c   Section        0  stm32f1xx_hal_pcd.o(i.HAL_PCD_EP_Close)
    i.HAL_PCD_EP_ClrStall                    0x08000fc8   Section        0  stm32f1xx_hal_pcd.o(i.HAL_PCD_EP_ClrStall)
    i.HAL_PCD_EP_DB_Receive                  0x08001024   Section        0  stm32f1xx_hal_pcd.o(i.HAL_PCD_EP_DB_Receive)
    HAL_PCD_EP_DB_Receive                    0x08001025   Thumb Code   230  stm32f1xx_hal_pcd.o(i.HAL_PCD_EP_DB_Receive)
    i.HAL_PCD_EP_DB_Transmit                 0x0800110a   Section        0  stm32f1xx_hal_pcd.o(i.HAL_PCD_EP_DB_Transmit)
    HAL_PCD_EP_DB_Transmit                   0x0800110b   Thumb Code   824  stm32f1xx_hal_pcd.o(i.HAL_PCD_EP_DB_Transmit)
    i.HAL_PCD_EP_Open                        0x08001442   Section        0  stm32f1xx_hal_pcd.o(i.HAL_PCD_EP_Open)
    i.HAL_PCD_EP_Receive                     0x0800149c   Section        0  stm32f1xx_hal_pcd.o(i.HAL_PCD_EP_Receive)
    i.HAL_PCD_EP_SetStall                    0x080014ca   Section        0  stm32f1xx_hal_pcd.o(i.HAL_PCD_EP_SetStall)
    i.HAL_PCD_EP_Transmit                    0x0800153c   Section        0  stm32f1xx_hal_pcd.o(i.HAL_PCD_EP_Transmit)
    i.HAL_PCD_IRQHandler                     0x0800156c   Section        0  stm32f1xx_hal_pcd.o(i.HAL_PCD_IRQHandler)
    i.HAL_PCD_Init                           0x080016a0   Section        0  stm32f1xx_hal_pcd.o(i.HAL_PCD_Init)
    i.HAL_PCD_MspInit                        0x0800177c   Section        0  usbd_conf.o(i.HAL_PCD_MspInit)
    i.HAL_PCD_ResetCallback                  0x080017b8   Section        0  usbd_conf.o(i.HAL_PCD_ResetCallback)
    i.HAL_PCD_ResumeCallback                 0x080017de   Section        0  usbd_conf.o(i.HAL_PCD_ResumeCallback)
    i.HAL_PCD_SOFCallback                    0x080017e6   Section        0  usbd_conf.o(i.HAL_PCD_SOFCallback)
    i.HAL_PCD_SetAddress                     0x080017ee   Section        0  stm32f1xx_hal_pcd.o(i.HAL_PCD_SetAddress)
    i.HAL_PCD_SetupStageCallback             0x08001816   Section        0  usbd_conf.o(i.HAL_PCD_SetupStageCallback)
    i.HAL_PCD_Start                          0x08001824   Section        0  stm32f1xx_hal_pcd.o(i.HAL_PCD_Start)
    i.HAL_PCD_SuspendCallback                0x08001858   Section        0  usbd_conf.o(i.HAL_PCD_SuspendCallback)
    i.HAL_RCCEx_PeriphCLKConfig              0x0800187c   Section        0  stm32f1xx_hal_rcc_ex.o(i.HAL_RCCEx_PeriphCLKConfig)
    i.HAL_RCC_ClockConfig                    0x08001968   Section        0  stm32f1xx_hal_rcc.o(i.HAL_RCC_ClockConfig)
    i.HAL_RCC_GetPCLK1Freq                   0x08001a94   Section        0  stm32f1xx_hal_rcc.o(i.HAL_RCC_GetPCLK1Freq)
    i.HAL_RCC_GetPCLK2Freq                   0x08001ab4   Section        0  stm32f1xx_hal_rcc.o(i.HAL_RCC_GetPCLK2Freq)
    i.HAL_RCC_GetSysClockFreq                0x08001ad4   Section        0  stm32f1xx_hal_rcc.o(i.HAL_RCC_GetSysClockFreq)
    i.HAL_RCC_OscConfig                      0x08001b20   Section        0  stm32f1xx_hal_rcc.o(i.HAL_RCC_OscConfig)
    i.HAL_SYSTICK_Config                     0x08001e40   Section        0  stm32f1xx_hal_cortex.o(i.HAL_SYSTICK_Config)
    i.HAL_UART_Init                          0x08001e68   Section        0  stm32f1xx_hal_uart.o(i.HAL_UART_Init)
    i.HAL_UART_MspInit                       0x08001ecc   Section        0  usart.o(i.HAL_UART_MspInit)
    i.HAL_UART_Transmit                      0x08001f3c   Section        0  stm32f1xx_hal_uart.o(i.HAL_UART_Transmit)
    i.HardFault_Handler                      0x08001fd6   Section        0  stm32f1xx_it.o(i.HardFault_Handler)
    i.IntToUnicode                           0x08001fd8   Section        0  usbd_desc.o(i.IntToUnicode)
    IntToUnicode                             0x08001fd9   Thumb Code    56  usbd_desc.o(i.IntToUnicode)
    i.MX_ADC1_Init                           0x08002010   Section        0  adc.o(i.MX_ADC1_Init)
    i.MX_DMA_Init                            0x08002078   Section        0  dma.o(i.MX_DMA_Init)
    i.MX_GPIO_Init                           0x08002094   Section        0  gpio.o(i.MX_GPIO_Init)
    i.MX_USART1_UART_Init                    0x080020b0   Section        0  usart.o(i.MX_USART1_UART_Init)
    i.MX_USB_DEVICE_Init                     0x080020e8   Section        0  usb_device.o(i.MX_USB_DEVICE_Init)
    i.MemManage_Handler                      0x0800213c   Section        0  stm32f1xx_it.o(i.MemManage_Handler)
    i.NMI_Handler                            0x0800213e   Section        0  stm32f1xx_it.o(i.NMI_Handler)
    i.PCD_EP_ISR_Handler                     0x08002140   Section        0  stm32f1xx_hal_pcd.o(i.PCD_EP_ISR_Handler)
    PCD_EP_ISR_Handler                       0x08002141   Thumb Code   940  stm32f1xx_hal_pcd.o(i.PCD_EP_ISR_Handler)
    i.PendSV_Handler                         0x080024ec   Section        0  stm32f1xx_it.o(i.PendSV_Handler)
    i.SVC_Handler                            0x080024ee   Section        0  stm32f1xx_it.o(i.SVC_Handler)
    i.SysTick_Handler                        0x080024f0   Section        0  stm32f1xx_it.o(i.SysTick_Handler)
    i.SystemClock_Config                     0x080024f4   Section        0  main.o(i.SystemClock_Config)
    i.SystemInit                             0x08002572   Section        0  system_stm32f1xx.o(i.SystemInit)
    i.UART_SetConfig                         0x08002574   Section        0  stm32f1xx_hal_uart.o(i.UART_SetConfig)
    UART_SetConfig                           0x08002575   Thumb Code   178  stm32f1xx_hal_uart.o(i.UART_SetConfig)
    i.UART_WaitOnFlagUntilTimeout            0x0800262c   Section        0  stm32f1xx_hal_uart.o(i.UART_WaitOnFlagUntilTimeout)
    UART_WaitOnFlagUntilTimeout              0x0800262d   Thumb Code   120  stm32f1xx_hal_uart.o(i.UART_WaitOnFlagUntilTimeout)
    i.USBD_CUSTOM_HID_DataIn                 0x080026a4   Section        0  usbd_customhid.o(i.USBD_CUSTOM_HID_DataIn)
    USBD_CUSTOM_HID_DataIn                   0x080026a5   Thumb Code    12  usbd_customhid.o(i.USBD_CUSTOM_HID_DataIn)
    i.USBD_CUSTOM_HID_DataOut                0x080026b0   Section        0  usbd_customhid.o(i.USBD_CUSTOM_HID_DataOut)
    USBD_CUSTOM_HID_DataOut                  0x080026b1   Thumb Code    36  usbd_customhid.o(i.USBD_CUSTOM_HID_DataOut)
    i.USBD_CUSTOM_HID_DeInit                 0x080026d4   Section        0  usbd_customhid.o(i.USBD_CUSTOM_HID_DeInit)
    USBD_CUSTOM_HID_DeInit                   0x080026d5   Thumb Code    56  usbd_customhid.o(i.USBD_CUSTOM_HID_DeInit)
    i.USBD_CUSTOM_HID_EP0_RxReady            0x0800270c   Section        0  usbd_customhid.o(i.USBD_CUSTOM_HID_EP0_RxReady)
    USBD_CUSTOM_HID_EP0_RxReady              0x0800270d   Thumb Code    34  usbd_customhid.o(i.USBD_CUSTOM_HID_EP0_RxReady)
    i.USBD_CUSTOM_HID_GetDeviceQualifierDesc 0x08002730   Section        0  usbd_customhid.o(i.USBD_CUSTOM_HID_GetDeviceQualifierDesc)
    USBD_CUSTOM_HID_GetDeviceQualifierDesc   0x08002731   Thumb Code     8  usbd_customhid.o(i.USBD_CUSTOM_HID_GetDeviceQualifierDesc)
    i.USBD_CUSTOM_HID_GetFSCfgDesc           0x0800273c   Section        0  usbd_customhid.o(i.USBD_CUSTOM_HID_GetFSCfgDesc)
    USBD_CUSTOM_HID_GetFSCfgDesc             0x0800273d   Thumb Code     8  usbd_customhid.o(i.USBD_CUSTOM_HID_GetFSCfgDesc)
    i.USBD_CUSTOM_HID_GetHSCfgDesc           0x08002748   Section        0  usbd_customhid.o(i.USBD_CUSTOM_HID_GetHSCfgDesc)
    USBD_CUSTOM_HID_GetHSCfgDesc             0x08002749   Thumb Code     8  usbd_customhid.o(i.USBD_CUSTOM_HID_GetHSCfgDesc)
    i.USBD_CUSTOM_HID_GetOtherSpeedCfgDesc   0x08002754   Section        0  usbd_customhid.o(i.USBD_CUSTOM_HID_GetOtherSpeedCfgDesc)
    USBD_CUSTOM_HID_GetOtherSpeedCfgDesc     0x08002755   Thumb Code     8  usbd_customhid.o(i.USBD_CUSTOM_HID_GetOtherSpeedCfgDesc)
    i.USBD_CUSTOM_HID_Init                   0x08002760   Section        0  usbd_customhid.o(i.USBD_CUSTOM_HID_Init)
    USBD_CUSTOM_HID_Init                     0x08002761   Thumb Code    82  usbd_customhid.o(i.USBD_CUSTOM_HID_Init)
    i.USBD_CUSTOM_HID_RegisterInterface      0x080027b2   Section        0  usbd_customhid.o(i.USBD_CUSTOM_HID_RegisterInterface)
    i.USBD_CUSTOM_HID_SendReport             0x080027c2   Section        0  usbd_customhid.o(i.USBD_CUSTOM_HID_SendReport)
    i.USBD_CUSTOM_HID_Setup                  0x080027e8   Section        0  usbd_customhid.o(i.USBD_CUSTOM_HID_Setup)
    USBD_CUSTOM_HID_Setup                    0x080027e9   Thumb Code   268  usbd_customhid.o(i.USBD_CUSTOM_HID_Setup)
    i.USBD_ClrClassConfig                    0x080028fc   Section        0  usbd_core.o(i.USBD_ClrClassConfig)
    i.USBD_CtlContinueRx                     0x0800290a   Section        0  usbd_ioreq.o(i.USBD_CtlContinueRx)
    i.USBD_CtlContinueSendData               0x0800291a   Section        0  usbd_ioreq.o(i.USBD_CtlContinueSendData)
    i.USBD_CtlError                          0x0800292a   Section        0  usbd_ctlreq.o(i.USBD_CtlError)
    i.USBD_CtlPrepareRx                      0x08002940   Section        0  usbd_ioreq.o(i.USBD_CtlPrepareRx)
    i.USBD_CtlReceiveStatus                  0x0800295e   Section        0  usbd_ioreq.o(i.USBD_CtlReceiveStatus)
    i.USBD_CtlSendData                       0x08002974   Section        0  usbd_ioreq.o(i.USBD_CtlSendData)
    i.USBD_CtlSendStatus                     0x0800298e   Section        0  usbd_ioreq.o(i.USBD_CtlSendStatus)
    i.USBD_FS_ConfigStrDescriptor            0x080029a4   Section        0  usbd_desc.o(i.USBD_FS_ConfigStrDescriptor)
    i.USBD_FS_DeviceDescriptor               0x080029cc   Section        0  usbd_desc.o(i.USBD_FS_DeviceDescriptor)
    i.USBD_FS_InterfaceStrDescriptor         0x080029d8   Section        0  usbd_desc.o(i.USBD_FS_InterfaceStrDescriptor)
    i.USBD_FS_LangIDStrDescriptor            0x08002a04   Section        0  usbd_desc.o(i.USBD_FS_LangIDStrDescriptor)
    i.USBD_FS_ManufacturerStrDescriptor      0x08002a10   Section        0  usbd_desc.o(i.USBD_FS_ManufacturerStrDescriptor)
    i.USBD_FS_ProductStrDescriptor           0x08002a38   Section        0  usbd_desc.o(i.USBD_FS_ProductStrDescriptor)
    i.USBD_FS_SerialStrDescriptor            0x08002a6c   Section        0  usbd_desc.o(i.USBD_FS_SerialStrDescriptor)
    i.USBD_GetDescriptor                     0x08002aa4   Section        0  usbd_ctlreq.o(i.USBD_GetDescriptor)
    USBD_GetDescriptor                       0x08002aa5   Thumb Code   232  usbd_ctlreq.o(i.USBD_GetDescriptor)
    i.USBD_GetString                         0x08002b8c   Section        0  usbd_ctlreq.o(i.USBD_GetString)
    i.USBD_Get_USB_Status                    0x08002bd4   Section        0  usbd_conf.o(i.USBD_Get_USB_Status)
    USBD_Get_USB_Status                      0x08002bd5   Thumb Code    24  usbd_conf.o(i.USBD_Get_USB_Status)
    i.USBD_Init                              0x08002bec   Section        0  usbd_core.o(i.USBD_Init)
    i.USBD_LL_ClearStallEP                   0x08002c16   Section        0  usbd_conf.o(i.USBD_LL_ClearStallEP)
    i.USBD_LL_CloseEP                        0x08002c28   Section        0  usbd_conf.o(i.USBD_LL_CloseEP)
    i.USBD_LL_DataInStage                    0x08002c3a   Section        0  usbd_core.o(i.USBD_LL_DataInStage)
    i.USBD_LL_DataOutStage                   0x08002d00   Section        0  usbd_core.o(i.USBD_LL_DataOutStage)
    i.USBD_LL_Init                           0x08002d84   Section        0  usbd_conf.o(i.USBD_LL_Init)
    i.USBD_LL_IsStallEP                      0x08002df4   Section        0  usbd_conf.o(i.USBD_LL_IsStallEP)
    i.USBD_LL_OpenEP                         0x08002e14   Section        0  usbd_conf.o(i.USBD_LL_OpenEP)
    i.USBD_LL_PrepareReceive                 0x08002e2c   Section        0  usbd_conf.o(i.USBD_LL_PrepareReceive)
    i.USBD_LL_Reset                          0x08002e3e   Section        0  usbd_core.o(i.USBD_LL_Reset)
    i.USBD_LL_Resume                         0x08002e8e   Section        0  usbd_core.o(i.USBD_LL_Resume)
    i.USBD_LL_SOF                            0x08002ea2   Section        0  usbd_core.o(i.USBD_LL_SOF)
    i.USBD_LL_SetSpeed                       0x08002eba   Section        0  usbd_core.o(i.USBD_LL_SetSpeed)
    i.USBD_LL_SetUSBAddress                  0x08002ec0   Section        0  usbd_conf.o(i.USBD_LL_SetUSBAddress)
    i.USBD_LL_SetupStage                     0x08002ed2   Section        0  usbd_core.o(i.USBD_LL_SetupStage)
    i.USBD_LL_StallEP                        0x08002f2c   Section        0  usbd_conf.o(i.USBD_LL_StallEP)
    i.USBD_LL_Start                          0x08002f3e   Section        0  usbd_conf.o(i.USBD_LL_Start)
    i.USBD_LL_Suspend                        0x08002f50   Section        0  usbd_core.o(i.USBD_LL_Suspend)
    i.USBD_LL_Transmit                       0x08002f62   Section        0  usbd_conf.o(i.USBD_LL_Transmit)
    i.USBD_ParseSetupRequest                 0x08002f74   Section        0  usbd_ctlreq.o(i.USBD_ParseSetupRequest)
    i.USBD_RegisterClass                     0x08002f9c   Section        0  usbd_core.o(i.USBD_RegisterClass)
    i.USBD_SetClassConfig                    0x08002fac   Section        0  usbd_core.o(i.USBD_SetClassConfig)
    i.USBD_SetConfig                         0x08002fc4   Section        0  usbd_ctlreq.o(i.USBD_SetConfig)
    USBD_SetConfig                           0x08002fc5   Thumb Code   128  usbd_ctlreq.o(i.USBD_SetConfig)
    i.USBD_Start                             0x08003048   Section        0  usbd_core.o(i.USBD_Start)
    i.USBD_StdDevReq                         0x08003052   Section        0  usbd_ctlreq.o(i.USBD_StdDevReq)
    i.USBD_StdEPReq                          0x08003164   Section        0  usbd_ctlreq.o(i.USBD_StdEPReq)
    i.USBD_StdItfReq                         0x080032b4   Section        0  usbd_ctlreq.o(i.USBD_StdItfReq)
    i.USBD_static_free                       0x08003302   Section        0  usbd_conf.o(i.USBD_static_free)
    i.USBD_static_malloc                     0x08003304   Section        0  usbd_conf.o(i.USBD_static_malloc)
    i.USB_ActivateEndpoint                   0x0800330c   Section        0  stm32f1xx_ll_usb.o(i.USB_ActivateEndpoint)
    i.USB_CoreInit                           0x080035a8   Section        0  stm32f1xx_ll_usb.o(i.USB_CoreInit)
    i.USB_DeactivateEndpoint                 0x080035ac   Section        0  stm32f1xx_ll_usb.o(i.USB_DeactivateEndpoint)
    i.USB_DevConnect                         0x080036ba   Section        0  stm32f1xx_ll_usb.o(i.USB_DevConnect)
    i.USB_DevDisconnect                      0x080036be   Section        0  stm32f1xx_ll_usb.o(i.USB_DevDisconnect)
    i.USB_DevInit                            0x080036c2   Section        0  stm32f1xx_ll_usb.o(i.USB_DevInit)
    i.USB_DisableGlobalInt                   0x080036d4   Section        0  stm32f1xx_ll_usb.o(i.USB_DisableGlobalInt)
    i.USB_EP0_OutStart                       0x080036e2   Section        0  stm32f1xx_ll_usb.o(i.USB_EP0_OutStart)
    i.USB_EPClearStall                       0x080036e6   Section        0  stm32f1xx_ll_usb.o(i.USB_EPClearStall)
    i.USB_EPSetStall                         0x0800375e   Section        0  stm32f1xx_ll_usb.o(i.USB_EPSetStall)
    i.USB_EPStartXfer                        0x08003790   Section        0  stm32f1xx_ll_usb.o(i.USB_EPStartXfer)
    i.USB_EnableGlobalInt                    0x08003c72   Section        0  stm32f1xx_ll_usb.o(i.USB_EnableGlobalInt)
    i.USB_LP_CAN1_RX0_IRQHandler             0x08003c84   Section        0  stm32f1xx_it.o(i.USB_LP_CAN1_RX0_IRQHandler)
    i.USB_ReadInterrupts                     0x08003c90   Section        0  stm32f1xx_ll_usb.o(i.USB_ReadInterrupts)
    i.USB_ReadPMA                            0x08003c98   Section        0  stm32f1xx_ll_usb.o(i.USB_ReadPMA)
    i.USB_SetCurrentMode                     0x08003cc4   Section        0  stm32f1xx_ll_usb.o(i.USB_SetCurrentMode)
    i.USB_SetDevAddress                      0x08003cc8   Section        0  stm32f1xx_ll_usb.o(i.USB_SetDevAddress)
    i.USB_WritePMA                           0x08003cd4   Section        0  stm32f1xx_ll_usb.o(i.USB_WritePMA)
    i.UsageFault_Handler                     0x08003cfa   Section        0  stm32f1xx_it.o(i.UsageFault_Handler)
    i.Xinput_Init                            0x08003cfc   Section        0  xinput.o(i.Xinput_Init)
    i.Xinput_Send                            0x08003d8c   Section        0  xinput.o(i.Xinput_Send)
    i.__0printf$1                            0x08003dc0   Section        0  printf1.o(i.__0printf$1)
    i.__NVIC_SetPriority                     0x08003de0   Section        0  stm32f1xx_hal_cortex.o(i.__NVIC_SetPriority)
    __NVIC_SetPriority                       0x08003de1   Thumb Code    32  stm32f1xx_hal_cortex.o(i.__NVIC_SetPriority)
    i.__scatterload_copy                     0x08003e00   Section       14  handlers.o(i.__scatterload_copy)
    i.__scatterload_null                     0x08003e0e   Section        2  handlers.o(i.__scatterload_null)
    i.__scatterload_zeroinit                 0x08003e10   Section       14  handlers.o(i.__scatterload_zeroinit)
    i._printf_core                           0x08003e20   Section        0  printf1.o(i._printf_core)
    _printf_core                             0x08003e21   Thumb Code   336  printf1.o(i._printf_core)
    i.fputc                                  0x08003f74   Section        0  usart.o(i.fputc)
    i.main                                   0x08003f8c   Section        0  main.o(i.main)
    i.map                                    0x08003fb8   Section        0  xinput.o(i.map)
    .constdata                               0x08003fcc   Section       18  stm32f1xx_hal_rcc.o(.constdata)
    aPredivFactorTable                       0x08003fcc   Data           2  stm32f1xx_hal_rcc.o(.constdata)
    aPLLMULFactorTable                       0x08003fce   Data          16  stm32f1xx_hal_rcc.o(.constdata)
    .constdata                               0x08003fde   Section       16  system_stm32f1xx.o(.constdata)
    .constdata                               0x08003fee   Section        8  system_stm32f1xx.o(.constdata)
    .data                                    0x20000000   Section       28  usbd_desc.o(.data)
    .data                                    0x2000001c   Section       50  usbd_desc.o(.data)
    .data                                    0x20000050   Section        2  usbd_custom_hid_if.o(.data)
    CUSTOM_HID_ReportDesc_FS                 0x20000050   Data           2  usbd_custom_hid_if.o(.data)
    .data                                    0x20000054   Section       16  usbd_custom_hid_if.o(.data)
    .data                                    0x20000064   Section       12  stm32f1xx_hal.o(.data)
    .data                                    0x20000070   Section        4  system_stm32f1xx.o(.data)
    .data                                    0x20000074   Section        1  usbd_ctlreq.o(.data)
    cfgidx                                   0x20000074   Data           1  usbd_ctlreq.o(.data)
    .data                                    0x20000078   Section       56  usbd_customhid.o(.data)
    .data                                    0x200000b0   Section      470  usbd_customhid.o(.data)
    USBD_CUSTOM_HID_CfgFSDesc                0x200000b8   Data         139  usbd_customhid.o(.data)
    USBD_CUSTOM_HID_CfgHSDesc                0x20000144   Data         139  usbd_customhid.o(.data)
    USBD_CUSTOM_HID_OtherSpeedCfgDesc        0x200001d0   Data         139  usbd_customhid.o(.data)
    USBD_CUSTOM_HID_Desc                     0x2000025c   Data           9  usbd_customhid.o(.data)
    USBD_CUSTOM_HID_DeviceQualifierDesc      0x20000268   Data          10  usbd_customhid.o(.data)
    .data                                    0x20000286   Section       24  xinput.o(.data)
    .data                                    0x200002a0   Section        4  stdout.o(.data)
    .bss                                     0x200002a4   Section      116  adc.o(.bss)
    .bss                                     0x20000318   Section       72  usart.o(.bss)
    .bss                                     0x20000360   Section      708  usb_device.o(.bss)
    .bss                                     0x20000624   Section      512  usbd_desc.o(.bss)
    .bss                                     0x20000824   Section      780  usbd_conf.o(.bss)
    mem                                      0x20000824   Data          28  usbd_conf.o(.bss)
    STACK                                    0x20000b30   Section     1024  startup_stm32f103xe.o(STACK)

    Global Symbols

    Symbol Name                              Value     Ov Type        Size  Object(Section)

    BuildAttributes$$THM_ISAv4$P$D$K$B$S$PE$A:L22UL41UL21$X:L11$S22US41US21$IEEE1$IW$USESV6$~STKCKD$USESV7$~SHL$OSPACE$ROPI$EBA8$MICROLIB$REQ8$PRES8$EABIv2 0x00000000   Number         0  anon$$obj.o ABSOLUTE
    __ARM_use_no_argv                        0x00000000   Number         0  main.o ABSOLUTE
    _printf_a                                0x00000000   Number         0  stubs.o ABSOLUTE
    _printf_c                                0x00000000   Number         0  stubs.o ABSOLUTE
    _printf_charcount                        0x00000000   Number         0  stubs.o ABSOLUTE
    _printf_d                                0x00000000   Number         0  stubs.o ABSOLUTE
    _printf_e                                0x00000000   Number         0  stubs.o ABSOLUTE
    _printf_f                                0x00000000   Number         0  stubs.o ABSOLUTE
    _printf_flags                            0x00000000   Number         0  stubs.o ABSOLUTE
    _printf_fp_dec                           0x00000000   Number         0  stubs.o ABSOLUTE
    _printf_fp_hex                           0x00000000   Number         0  stubs.o ABSOLUTE
    _printf_g                                0x00000000   Number         0  stubs.o ABSOLUTE
    _printf_i                                0x00000000   Number         0  stubs.o ABSOLUTE
    _printf_int_dec                          0x00000000   Number         0  stubs.o ABSOLUTE
    _printf_l                                0x00000000   Number         0  stubs.o ABSOLUTE
    _printf_lc                               0x00000000   Number         0  stubs.o ABSOLUTE
    _printf_ll                               0x00000000   Number         0  stubs.o ABSOLUTE
    _printf_lld                              0x00000000   Number         0  stubs.o ABSOLUTE
    _printf_lli                              0x00000000   Number         0  stubs.o ABSOLUTE
    _printf_llo                              0x00000000   Number         0  stubs.o ABSOLUTE
    _printf_llu                              0x00000000   Number         0  stubs.o ABSOLUTE
    _printf_llx                              0x00000000   Number         0  stubs.o ABSOLUTE
    _printf_longlong_dec                     0x00000000   Number         0  stubs.o ABSOLUTE
    _printf_longlong_hex                     0x00000000   Number         0  stubs.o ABSOLUTE
    _printf_longlong_oct                     0x00000000   Number         0  stubs.o ABSOLUTE
    _printf_ls                               0x00000000   Number         0  stubs.o ABSOLUTE
    _printf_mbtowc                           0x00000000   Number         0  stubs.o ABSOLUTE
    _printf_n                                0x00000000   Number         0  stubs.o ABSOLUTE
    _printf_o                                0x00000000   Number         0  stubs.o ABSOLUTE
    _printf_p                                0x00000000   Number         0  stubs.o ABSOLUTE
    _printf_percent                          0x00000000   Number         0  stubs.o ABSOLUTE
    _printf_pre_padding                      0x00000000   Number         0  stubs.o ABSOLUTE
    _printf_return_value                     0x00000000   Number         0  stubs.o ABSOLUTE
    _printf_s                                0x00000000   Number         0  stubs.o ABSOLUTE
    _printf_sizespec                         0x00000000   Number         0  stubs.o ABSOLUTE
    _printf_str                              0x00000000   Number         0  stubs.o ABSOLUTE
    _printf_truncate_signed                  0x00000000   Number         0  stubs.o ABSOLUTE
    _printf_truncate_unsigned                0x00000000   Number         0  stubs.o ABSOLUTE
    _printf_u                                0x00000000   Number         0  stubs.o ABSOLUTE
    _printf_wc                               0x00000000   Number         0  stubs.o ABSOLUTE
    _printf_wctomb                           0x00000000   Number         0  stubs.o ABSOLUTE
    _printf_widthprec                        0x00000000   Number         0  stubs.o ABSOLUTE
    _printf_x                                0x00000000   Number         0  stubs.o ABSOLUTE
    __arm_fini_                               - Undefined Weak Reference
    __cpp_initialize__aeabi_                  - Undefined Weak Reference
    __cxa_finalize                            - Undefined Weak Reference
    _clock_init                               - Undefined Weak Reference
    _microlib_exit                            - Undefined Weak Reference
    __Vectors_Size                           0x00000130   Number         0  startup_stm32f103xe.o ABSOLUTE
    __Vectors                                0x08000000   Data           4  startup_stm32f103xe.o(RESET)
    __Vectors_End                            0x08000130   Data           0  startup_stm32f103xe.o(RESET)
    __main                                   0x08000131   Thumb Code     0  entry.o(.ARM.Collect$$$$00000000)
    _main_stk                                0x08000131   Thumb Code     0  entry2.o(.ARM.Collect$$$$00000001)
    _main_scatterload                        0x08000135   Thumb Code     0  entry5.o(.ARM.Collect$$$$00000004)
    __main_after_scatterload                 0x08000139   Thumb Code     0  entry5.o(.ARM.Collect$$$$00000004)
    _main_clock                              0x08000139   Thumb Code     0  entry7b.o(.ARM.Collect$$$$00000008)
    _main_cpp_init                           0x08000139   Thumb Code     0  entry8b.o(.ARM.Collect$$$$0000000A)
    _main_init                               0x08000139   Thumb Code     0  entry9a.o(.ARM.Collect$$$$0000000B)
    __rt_lib_shutdown_fini                   0x08000141   Thumb Code     0  entry12b.o(.ARM.Collect$$$$0000000E)
    __rt_final_cpp                           0x08000145   Thumb Code     0  entry10a.o(.ARM.Collect$$$$0000000F)
    __rt_final_exit                          0x08000145   Thumb Code     0  entry11a.o(.ARM.Collect$$$$00000011)
    Reset_Handler                            0x08000149   Thumb Code     8  startup_stm32f103xe.o(.text)
    ADC1_2_IRQHandler                        0x08000163   Thumb Code     0  startup_stm32f103xe.o(.text)
    ADC3_IRQHandler                          0x08000163   Thumb Code     0  startup_stm32f103xe.o(.text)
    CAN1_RX1_IRQHandler                      0x08000163   Thumb Code     0  startup_stm32f103xe.o(.text)
    CAN1_SCE_IRQHandler                      0x08000163   Thumb Code     0  startup_stm32f103xe.o(.text)
    DMA1_Channel2_IRQHandler                 0x08000163   Thumb Code     0  startup_stm32f103xe.o(.text)
    DMA1_Channel3_IRQHandler                 0x08000163   Thumb Code     0  startup_stm32f103xe.o(.text)
    DMA1_Channel4_IRQHandler                 0x08000163   Thumb Code     0  startup_stm32f103xe.o(.text)
    DMA1_Channel5_IRQHandler                 0x08000163   Thumb Code     0  startup_stm32f103xe.o(.text)
    DMA1_Channel6_IRQHandler                 0x08000163   Thumb Code     0  startup_stm32f103xe.o(.text)
    DMA1_Channel7_IRQHandler                 0x08000163   Thumb Code     0  startup_stm32f103xe.o(.text)
    DMA2_Channel1_IRQHandler                 0x08000163   Thumb Code     0  startup_stm32f103xe.o(.text)
    DMA2_Channel2_IRQHandler                 0x08000163   Thumb Code     0  startup_stm32f103xe.o(.text)
    DMA2_Channel3_IRQHandler                 0x08000163   Thumb Code     0  startup_stm32f103xe.o(.text)
    DMA2_Channel4_5_IRQHandler               0x08000163   Thumb Code     0  startup_stm32f103xe.o(.text)
    EXTI0_IRQHandler                         0x08000163   Thumb Code     0  startup_stm32f103xe.o(.text)
    EXTI15_10_IRQHandler                     0x08000163   Thumb Code     0  startup_stm32f103xe.o(.text)
    EXTI1_IRQHandler                         0x08000163   Thumb Code     0  startup_stm32f103xe.o(.text)
    EXTI2_IRQHandler                         0x08000163   Thumb Code     0  startup_stm32f103xe.o(.text)
    EXTI3_IRQHandler                         0x08000163   Thumb Code     0  startup_stm32f103xe.o(.text)
    EXTI4_IRQHandler                         0x08000163   Thumb Code     0  startup_stm32f103xe.o(.text)
    EXTI9_5_IRQHandler                       0x08000163   Thumb Code     0  startup_stm32f103xe.o(.text)
    FLASH_IRQHandler                         0x08000163   Thumb Code     0  startup_stm32f103xe.o(.text)
    FSMC_IRQHandler                          0x08000163   Thumb Code     0  startup_stm32f103xe.o(.text)
    I2C1_ER_IRQHandler                       0x08000163   Thumb Code     0  startup_stm32f103xe.o(.text)
    I2C1_EV_IRQHandler                       0x08000163   Thumb Code     0  startup_stm32f103xe.o(.text)
    I2C2_ER_IRQHandler                       0x08000163   Thumb Code     0  startup_stm32f103xe.o(.text)
    I2C2_EV_IRQHandler                       0x08000163   Thumb Code     0  startup_stm32f103xe.o(.text)
    PVD_IRQHandler                           0x08000163   Thumb Code     0  startup_stm32f103xe.o(.text)
    RCC_IRQHandler                           0x08000163   Thumb Code     0  startup_stm32f103xe.o(.text)
    RTC_Alarm_IRQHandler                     0x08000163   Thumb Code     0  startup_stm32f103xe.o(.text)
    RTC_IRQHandler                           0x08000163   Thumb Code     0  startup_stm32f103xe.o(.text)
    SDIO_IRQHandler                          0x08000163   Thumb Code     0  startup_stm32f103xe.o(.text)
    SPI1_IRQHandler                          0x08000163   Thumb Code     0  startup_stm32f103xe.o(.text)
    SPI2_IRQHandler                          0x08000163   Thumb Code     0  startup_stm32f103xe.o(.text)
    SPI3_IRQHandler                          0x08000163   Thumb Code     0  startup_stm32f103xe.o(.text)
    TAMPER_IRQHandler                        0x08000163   Thumb Code     0  startup_stm32f103xe.o(.text)
    TIM1_BRK_IRQHandler                      0x08000163   Thumb Code     0  startup_stm32f103xe.o(.text)
    TIM1_CC_IRQHandler                       0x08000163   Thumb Code     0  startup_stm32f103xe.o(.text)
    TIM1_TRG_COM_IRQHandler                  0x08000163   Thumb Code     0  startup_stm32f103xe.o(.text)
    TIM1_UP_IRQHandler                       0x08000163   Thumb Code     0  startup_stm32f103xe.o(.text)
    TIM2_IRQHandler                          0x08000163   Thumb Code     0  startup_stm32f103xe.o(.text)
    TIM3_IRQHandler                          0x08000163   Thumb Code     0  startup_stm32f103xe.o(.text)
    TIM4_IRQHandler                          0x08000163   Thumb Code     0  startup_stm32f103xe.o(.text)
    TIM5_IRQHandler                          0x08000163   Thumb Code     0  startup_stm32f103xe.o(.text)
    TIM6_IRQHandler                          0x08000163   Thumb Code     0  startup_stm32f103xe.o(.text)
    TIM7_IRQHandler                          0x08000163   Thumb Code     0  startup_stm32f103xe.o(.text)
    TIM8_BRK_IRQHandler                      0x08000163   Thumb Code     0  startup_stm32f103xe.o(.text)
    TIM8_CC_IRQHandler                       0x08000163   Thumb Code     0  startup_stm32f103xe.o(.text)
    TIM8_TRG_COM_IRQHandler                  0x08000163   Thumb Code     0  startup_stm32f103xe.o(.text)
    TIM8_UP_IRQHandler                       0x08000163   Thumb Code     0  startup_stm32f103xe.o(.text)
    UART4_IRQHandler                         0x08000163   Thumb Code     0  startup_stm32f103xe.o(.text)
    UART5_IRQHandler                         0x08000163   Thumb Code     0  startup_stm32f103xe.o(.text)
    USART1_IRQHandler                        0x08000163   Thumb Code     0  startup_stm32f103xe.o(.text)
    USART2_IRQHandler                        0x08000163   Thumb Code     0  startup_stm32f103xe.o(.text)
    USART3_IRQHandler                        0x08000163   Thumb Code     0  startup_stm32f103xe.o(.text)
    USBWakeUp_IRQHandler                     0x08000163   Thumb Code     0  startup_stm32f103xe.o(.text)
    USB_HP_CAN1_TX_IRQHandler                0x08000163   Thumb Code     0  startup_stm32f103xe.o(.text)
    WWDG_IRQHandler                          0x08000163   Thumb Code     0  startup_stm32f103xe.o(.text)
    __aeabi_memcpy                           0x0800016d   Thumb Code    36  memcpya.o(.text)
    __aeabi_memcpy4                          0x0800016d   Thumb Code     0  memcpya.o(.text)
    __aeabi_memcpy8                          0x0800016d   Thumb Code     0  memcpya.o(.text)
    __aeabi_memset                           0x08000191   Thumb Code    14  memseta.o(.text)
    __aeabi_memset4                          0x08000191   Thumb Code     0  memseta.o(.text)
    __aeabi_memset8                          0x08000191   Thumb Code     0  memseta.o(.text)
    __aeabi_memclr                           0x0800019f   Thumb Code     4  memseta.o(.text)
    __aeabi_memclr4                          0x0800019f   Thumb Code     0  memseta.o(.text)
    __aeabi_memclr8                          0x0800019f   Thumb Code     0  memseta.o(.text)
    _memset$wrapper                          0x080001a3   Thumb Code    18  memseta.o(.text)
    __aeabi_uidiv                            0x080001b5   Thumb Code     0  uidiv.o(.text)
    __aeabi_uidivmod                         0x080001b5   Thumb Code    44  uidiv.o(.text)
    __scatterload                            0x080001e1   Thumb Code    28  init.o(.text)
    __scatterload_rt2                        0x080001e1   Thumb Code     0  init.o(.text)
    __decompress                             0x08000205   Thumb Code     0  __dczerorl2.o(.text)
    __decompress1                            0x08000205   Thumb Code    86  __dczerorl2.o(.text)
    ADC_ConversionStop_Disable               0x0800025d   Thumb Code    86  stm32f1xx_hal_adc.o(i.ADC_ConversionStop_Disable)
    ADC_DMAConvCplt                          0x080002b3   Thumb Code    78  stm32f1xx_hal_adc.o(i.ADC_DMAConvCplt)
    ADC_DMAError                             0x08000301   Thumb Code    26  stm32f1xx_hal_adc.o(i.ADC_DMAError)
    ADC_DMAHalfConvCplt                      0x0800031b   Thumb Code    10  stm32f1xx_hal_adc.o(i.ADC_DMAHalfConvCplt)
    ADC_Enable                               0x08000325   Thumb Code   114  stm32f1xx_hal_adc.o(i.ADC_Enable)
    ADC_Read                                 0x080003a1   Thumb Code    84  xinput.o(i.ADC_Read)
    BusFault_Handler                         0x08000401   Thumb Code     2  stm32f1xx_it.o(i.BusFault_Handler)
    Button_Read                              0x08000405   Thumb Code   104  xinput.o(i.Button_Read)
    DMA1_Channel1_IRQHandler                 0x08000485   Thumb Code     6  stm32f1xx_it.o(i.DMA1_Channel1_IRQHandler)
    DebugMon_Handler                         0x080004bb   Thumb Code     2  stm32f1xx_it.o(i.DebugMon_Handler)
    Error_Handler                            0x080004bd   Thumb Code     4  main.o(i.Error_Handler)
    HAL_ADC_ConfigChannel                    0x080004c1   Thumb Code   240  stm32f1xx_hal_adc.o(i.HAL_ADC_ConfigChannel)
    HAL_ADC_ConvCpltCallback                 0x080005bd   Thumb Code     2  stm32f1xx_hal_adc.o(i.HAL_ADC_ConvCpltCallback)
    HAL_ADC_ConvHalfCpltCallback             0x080005bf   Thumb Code     2  stm32f1xx_hal_adc.o(i.HAL_ADC_ConvHalfCpltCallback)
    HAL_ADC_ErrorCallback                    0x080005c1   Thumb Code     2  stm32f1xx_hal_adc.o(i.HAL_ADC_ErrorCallback)
    HAL_ADC_Init                             0x080005c5   Thumb Code   272  stm32f1xx_hal_adc.o(i.HAL_ADC_Init)
    HAL_ADC_MspInit                          0x080006e5   Thumb Code   122  adc.o(i.HAL_ADC_MspInit)
    HAL_ADC_Start_DMA                        0x08000775   Thumb Code   246  stm32f1xx_hal_adc.o(i.HAL_ADC_Start_DMA)
    HAL_DMA_IRQHandler                       0x08000881   Thumb Code   552  stm32f1xx_hal_dma.o(i.HAL_DMA_IRQHandler)
    HAL_DMA_Init                             0x08000ac9   Thumb Code   112  stm32f1xx_hal_dma.o(i.HAL_DMA_Init)
    HAL_DMA_Start_IT                         0x08000b45   Thumb Code   112  stm32f1xx_hal_dma.o(i.HAL_DMA_Start_IT)
    HAL_Delay                                0x08000bb5   Thumb Code    32  stm32f1xx_hal.o(i.HAL_Delay)
    HAL_GPIO_Init                            0x08000bd9   Thumb Code   462  stm32f1xx_hal_gpio.o(i.HAL_GPIO_Init)
    HAL_GPIO_ReadPin                         0x08000dd1   Thumb Code    10  stm32f1xx_hal_gpio.o(i.HAL_GPIO_ReadPin)
    HAL_GetTick                              0x08000ddd   Thumb Code     6  stm32f1xx_hal.o(i.HAL_GetTick)
    HAL_IncTick                              0x08000de9   Thumb Code    12  stm32f1xx_hal.o(i.HAL_IncTick)
    HAL_Init                                 0x08000df9   Thumb Code    32  stm32f1xx_hal.o(i.HAL_Init)
    HAL_InitTick                             0x08000e1d   Thumb Code    54  stm32f1xx_hal.o(i.HAL_InitTick)
    HAL_MspInit                              0x08000e5d   Thumb Code    52  stm32f1xx_hal_msp.o(i.HAL_MspInit)
    HAL_NVIC_EnableIRQ                       0x08000e99   Thumb Code    26  stm32f1xx_hal_cortex.o(i.HAL_NVIC_EnableIRQ)
    HAL_NVIC_SetPriority                     0x08000eb5   Thumb Code    60  stm32f1xx_hal_cortex.o(i.HAL_NVIC_SetPriority)
    HAL_NVIC_SetPriorityGrouping             0x08000ef5   Thumb Code    26  stm32f1xx_hal_cortex.o(i.HAL_NVIC_SetPriorityGrouping)
    HAL_PCDEx_PMAConfig                      0x08000f19   Thumb Code    60  stm32f1xx_hal_pcd_ex.o(i.HAL_PCDEx_PMAConfig)
    HAL_PCDEx_SetConnectionState             0x08000f55   Thumb Code     2  usbd_conf.o(i.HAL_PCDEx_SetConnectionState)
    HAL_PCD_DataInStageCallback              0x08000f57   Thumb Code    18  usbd_conf.o(i.HAL_PCD_DataInStageCallback)
    HAL_PCD_DataOutStageCallback             0x08000f69   Thumb Code    20  usbd_conf.o(i.HAL_PCD_DataOutStageCallback)
    HAL_PCD_EP_Close                         0x08000f7d   Thumb Code    76  stm32f1xx_hal_pcd.o(i.HAL_PCD_EP_Close)
    HAL_PCD_EP_ClrStall                      0x08000fc9   Thumb Code    92  stm32f1xx_hal_pcd.o(i.HAL_PCD_EP_ClrStall)
    HAL_PCD_EP_Open                          0x08001443   Thumb Code    90  stm32f1xx_hal_pcd.o(i.HAL_PCD_EP_Open)
    HAL_PCD_EP_Receive                       0x0800149d   Thumb Code    46  stm32f1xx_hal_pcd.o(i.HAL_PCD_EP_Receive)
    HAL_PCD_EP_SetStall                      0x080014cb   Thumb Code   114  stm32f1xx_hal_pcd.o(i.HAL_PCD_EP_SetStall)
    HAL_PCD_EP_Transmit                      0x0800153d   Thumb Code    48  stm32f1xx_hal_pcd.o(i.HAL_PCD_EP_Transmit)
    HAL_PCD_IRQHandler                       0x0800156d   Thumb Code   308  stm32f1xx_hal_pcd.o(i.HAL_PCD_IRQHandler)
    HAL_PCD_Init                             0x080016a1   Thumb Code   218  stm32f1xx_hal_pcd.o(i.HAL_PCD_Init)
    HAL_PCD_MspInit                          0x0800177d   Thumb Code    50  usbd_conf.o(i.HAL_PCD_MspInit)
    HAL_PCD_ResetCallback                    0x080017b9   Thumb Code    38  usbd_conf.o(i.HAL_PCD_ResetCallback)
    HAL_PCD_ResumeCallback                   0x080017df   Thumb Code     8  usbd_conf.o(i.HAL_PCD_ResumeCallback)
    HAL_PCD_SOFCallback                      0x080017e7   Thumb Code     8  usbd_conf.o(i.HAL_PCD_SOFCallback)
    HAL_PCD_SetAddress                       0x080017ef   Thumb Code    40  stm32f1xx_hal_pcd.o(i.HAL_PCD_SetAddress)
    HAL_PCD_SetupStageCallback               0x08001817   Thumb Code    14  usbd_conf.o(i.HAL_PCD_SetupStageCallback)
    HAL_PCD_Start                            0x08001825   Thumb Code    50  stm32f1xx_hal_pcd.o(i.HAL_PCD_Start)
    HAL_PCD_SuspendCallback                  0x08001859   Thumb Code    30  usbd_conf.o(i.HAL_PCD_SuspendCallback)
    HAL_RCCEx_PeriphCLKConfig                0x0800187d   Thumb Code   224  stm32f1xx_hal_rcc_ex.o(i.HAL_RCCEx_PeriphCLKConfig)
    HAL_RCC_ClockConfig                      0x08001969   Thumb Code   280  stm32f1xx_hal_rcc.o(i.HAL_RCC_ClockConfig)
    HAL_RCC_GetPCLK1Freq                     0x08001a95   Thumb Code    20  stm32f1xx_hal_rcc.o(i.HAL_RCC_GetPCLK1Freq)
    HAL_RCC_GetPCLK2Freq                     0x08001ab5   Thumb Code    20  stm32f1xx_hal_rcc.o(i.HAL_RCC_GetPCLK2Freq)
    HAL_RCC_GetSysClockFreq                  0x08001ad5   Thumb Code    58  stm32f1xx_hal_rcc.o(i.HAL_RCC_GetSysClockFreq)
    HAL_RCC_OscConfig                        0x08001b21   Thumb Code   778  stm32f1xx_hal_rcc.o(i.HAL_RCC_OscConfig)
    HAL_SYSTICK_Config                       0x08001e41   Thumb Code    40  stm32f1xx_hal_cortex.o(i.HAL_SYSTICK_Config)
    HAL_UART_Init                            0x08001e69   Thumb Code   100  stm32f1xx_hal_uart.o(i.HAL_UART_Init)
    HAL_UART_MspInit                         0x08001ecd   Thumb Code   100  usart.o(i.HAL_UART_MspInit)
    HAL_UART_Transmit                        0x08001f3d   Thumb Code   154  stm32f1xx_hal_uart.o(i.HAL_UART_Transmit)
    HardFault_Handler                        0x08001fd7   Thumb Code     2  stm32f1xx_it.o(i.HardFault_Handler)
    MX_ADC1_Init                             0x08002011   Thumb Code    96  adc.o(i.MX_ADC1_Init)
    MX_DMA_Init                              0x08002079   Thumb Code    22  dma.o(i.MX_DMA_Init)
    MX_GPIO_Init                             0x08002095   Thumb Code    22  gpio.o(i.MX_GPIO_Init)
    MX_USART1_UART_Init                      0x080020b1   Thumb Code    48  usart.o(i.MX_USART1_UART_Init)
    MX_USB_DEVICE_Init                       0x080020e9   Thumb Code    66  usb_device.o(i.MX_USB_DEVICE_Init)
    MemManage_Handler                        0x0800213d   Thumb Code     2  stm32f1xx_it.o(i.MemManage_Handler)
    NMI_Handler                              0x0800213f   Thumb Code     2  stm32f1xx_it.o(i.NMI_Handler)
    PendSV_Handler                           0x080024ed   Thumb Code     2  stm32f1xx_it.o(i.PendSV_Handler)
    SVC_Handler                              0x080024ef   Thumb Code     2  stm32f1xx_it.o(i.SVC_Handler)
    SysTick_Handler                          0x080024f1   Thumb Code     4  stm32f1xx_it.o(i.SysTick_Handler)
    SystemClock_Config                       0x080024f5   Thumb Code   126  main.o(i.SystemClock_Config)
    SystemInit                               0x08002573   Thumb Code     2  system_stm32f1xx.o(i.SystemInit)
    USBD_CUSTOM_HID_RegisterInterface        0x080027b3   Thumb Code    16  usbd_customhid.o(i.USBD_CUSTOM_HID_RegisterInterface)
    USBD_CUSTOM_HID_SendReport               0x080027c3   Thumb Code    38  usbd_customhid.o(i.USBD_CUSTOM_HID_SendReport)
    USBD_ClrClassConfig                      0x080028fd   Thumb Code    14  usbd_core.o(i.USBD_ClrClassConfig)
    USBD_CtlContinueRx                       0x0800290b   Thumb Code    16  usbd_ioreq.o(i.USBD_CtlContinueRx)
    USBD_CtlContinueSendData                 0x0800291b   Thumb Code    16  usbd_ioreq.o(i.USBD_CtlContinueSendData)
    USBD_CtlError                            0x0800292b   Thumb Code    22  usbd_ctlreq.o(i.USBD_CtlError)
    USBD_CtlPrepareRx                        0x08002941   Thumb Code    30  usbd_ioreq.o(i.USBD_CtlPrepareRx)
    USBD_CtlReceiveStatus                    0x0800295f   Thumb Code    22  usbd_ioreq.o(i.USBD_CtlReceiveStatus)
    USBD_CtlSendData                         0x08002975   Thumb Code    26  usbd_ioreq.o(i.USBD_CtlSendData)
    USBD_CtlSendStatus                       0x0800298f   Thumb Code    22  usbd_ioreq.o(i.USBD_CtlSendStatus)
    USBD_FS_ConfigStrDescriptor              0x080029a5   Thumb Code    16  usbd_desc.o(i.USBD_FS_ConfigStrDescriptor)
    USBD_FS_DeviceDescriptor                 0x080029cd   Thumb Code     8  usbd_desc.o(i.USBD_FS_DeviceDescriptor)
    USBD_FS_InterfaceStrDescriptor           0x080029d9   Thumb Code    16  usbd_desc.o(i.USBD_FS_InterfaceStrDescriptor)
    USBD_FS_LangIDStrDescriptor              0x08002a05   Thumb Code     8  usbd_desc.o(i.USBD_FS_LangIDStrDescriptor)
    USBD_FS_ManufacturerStrDescriptor        0x08002a11   Thumb Code    16  usbd_desc.o(i.USBD_FS_ManufacturerStrDescriptor)
    USBD_FS_ProductStrDescriptor             0x08002a39   Thumb Code    16  usbd_desc.o(i.USBD_FS_ProductStrDescriptor)
    USBD_FS_SerialStrDescriptor              0x08002a6d   Thumb Code    48  usbd_desc.o(i.USBD_FS_SerialStrDescriptor)
    USBD_GetString                           0x08002b8d   Thumb Code    72  usbd_ctlreq.o(i.USBD_GetString)
    USBD_Init                                0x08002bed   Thumb Code    42  usbd_core.o(i.USBD_Init)
    USBD_LL_ClearStallEP                     0x08002c17   Thumb Code    18  usbd_conf.o(i.USBD_LL_ClearStallEP)
    USBD_LL_CloseEP                          0x08002c29   Thumb Code    18  usbd_conf.o(i.USBD_LL_CloseEP)
    USBD_LL_DataInStage                      0x08002c3b   Thumb Code   198  usbd_core.o(i.USBD_LL_DataInStage)
    USBD_LL_DataOutStage                     0x08002d01   Thumb Code   130  usbd_core.o(i.USBD_LL_DataOutStage)
    USBD_LL_Init                             0x08002d85   Thumb Code   104  usbd_conf.o(i.USBD_LL_Init)
    USBD_LL_IsStallEP                        0x08002df5   Thumb Code    32  usbd_conf.o(i.USBD_LL_IsStallEP)
    USBD_LL_OpenEP                           0x08002e15   Thumb Code    24  usbd_conf.o(i.USBD_LL_OpenEP)
    USBD_LL_PrepareReceive                   0x08002e2d   Thumb Code    18  usbd_conf.o(i.USBD_LL_PrepareReceive)
    USBD_LL_Reset                            0x08002e3f   Thumb Code    80  usbd_core.o(i.USBD_LL_Reset)
    USBD_LL_Resume                           0x08002e8f   Thumb Code    20  usbd_core.o(i.USBD_LL_Resume)
    USBD_LL_SOF                              0x08002ea3   Thumb Code    24  usbd_core.o(i.USBD_LL_SOF)
    USBD_LL_SetSpeed                         0x08002ebb   Thumb Code     6  usbd_core.o(i.USBD_LL_SetSpeed)
    USBD_LL_SetUSBAddress                    0x08002ec1   Thumb Code    18  usbd_conf.o(i.USBD_LL_SetUSBAddress)
    USBD_LL_SetupStage                       0x08002ed3   Thumb Code    90  usbd_core.o(i.USBD_LL_SetupStage)
    USBD_LL_StallEP                          0x08002f2d   Thumb Code    18  usbd_conf.o(i.USBD_LL_StallEP)
    USBD_LL_Start                            0x08002f3f   Thumb Code    18  usbd_conf.o(i.USBD_LL_Start)
    USBD_LL_Suspend                          0x08002f51   Thumb Code    18  usbd_core.o(i.USBD_LL_Suspend)
    USBD_LL_Transmit                         0x08002f63   Thumb Code    18  usbd_conf.o(i.USBD_LL_Transmit)
    USBD_ParseSetupRequest                   0x08002f75   Thumb Code    40  usbd_ctlreq.o(i.USBD_ParseSetupRequest)
    USBD_RegisterClass                       0x08002f9d   Thumb Code    16  usbd_core.o(i.USBD_RegisterClass)
    USBD_SetClassConfig                      0x08002fad   Thumb Code    22  usbd_core.o(i.USBD_SetClassConfig)
    USBD_Start                               0x08003049   Thumb Code    10  usbd_core.o(i.USBD_Start)
    USBD_StdDevReq                           0x08003053   Thumb Code   274  usbd_ctlreq.o(i.USBD_StdDevReq)
    USBD_StdEPReq                            0x08003165   Thumb Code   336  usbd_ctlreq.o(i.USBD_StdEPReq)
    USBD_StdItfReq                           0x080032b5   Thumb Code    78  usbd_ctlreq.o(i.USBD_StdItfReq)
    USBD_static_free                         0x08003303   Thumb Code     2  usbd_conf.o(i.USBD_static_free)
    USBD_static_malloc                       0x08003305   Thumb Code     4  usbd_conf.o(i.USBD_static_malloc)
    USB_ActivateEndpoint                     0x0800330d   Thumb Code   668  stm32f1xx_ll_usb.o(i.USB_ActivateEndpoint)
    USB_CoreInit                             0x080035a9   Thumb Code     4  stm32f1xx_ll_usb.o(i.USB_CoreInit)
    USB_DeactivateEndpoint                   0x080035ad   Thumb Code   270  stm32f1xx_ll_usb.o(i.USB_DeactivateEndpoint)
    USB_DevConnect                           0x080036bb   Thumb Code     4  stm32f1xx_ll_usb.o(i.USB_DevConnect)
    USB_DevDisconnect                        0x080036bf   Thumb Code     4  stm32f1xx_ll_usb.o(i.USB_DevDisconnect)
    USB_DevInit                              0x080036c3   Thumb Code    18  stm32f1xx_ll_usb.o(i.USB_DevInit)
    USB_DisableGlobalInt                     0x080036d5   Thumb Code    14  stm32f1xx_ll_usb.o(i.USB_DisableGlobalInt)
    USB_EP0_OutStart                         0x080036e3   Thumb Code     4  stm32f1xx_ll_usb.o(i.USB_EP0_OutStart)
    USB_EPClearStall                         0x080036e7   Thumb Code   120  stm32f1xx_ll_usb.o(i.USB_EPClearStall)
    USB_EPSetStall                           0x0800375f   Thumb Code    50  stm32f1xx_ll_usb.o(i.USB_EPSetStall)
    USB_EPStartXfer                          0x08003791   Thumb Code  1250  stm32f1xx_ll_usb.o(i.USB_EPStartXfer)
    USB_EnableGlobalInt                      0x08003c73   Thumb Code    18  stm32f1xx_ll_usb.o(i.USB_EnableGlobalInt)
    USB_LP_CAN1_RX0_IRQHandler               0x08003c85   Thumb Code     6  stm32f1xx_it.o(i.USB_LP_CAN1_RX0_IRQHandler)
    USB_ReadInterrupts                       0x08003c91   Thumb Code     6  stm32f1xx_ll_usb.o(i.USB_ReadInterrupts)
    USB_ReadPMA                              0x08003c99   Thumb Code    44  stm32f1xx_ll_usb.o(i.USB_ReadPMA)
    USB_SetCurrentMode                       0x08003cc5   Thumb Code     4  stm32f1xx_ll_usb.o(i.USB_SetCurrentMode)
    USB_SetDevAddress                        0x08003cc9   Thumb Code    12  stm32f1xx_ll_usb.o(i.USB_SetDevAddress)
    USB_WritePMA                             0x08003cd5   Thumb Code    38  stm32f1xx_ll_usb.o(i.USB_WritePMA)
    UsageFault_Handler                       0x08003cfb   Thumb Code     2  stm32f1xx_it.o(i.UsageFault_Handler)
    Xinput_Init                              0x08003cfd   Thumb Code   122  xinput.o(i.Xinput_Init)
    Xinput_Send                              0x08003d8d   Thumb Code    44  xinput.o(i.Xinput_Send)
    __0printf$1                              0x08003dc1   Thumb Code    22  printf1.o(i.__0printf$1)
    __1printf$1                              0x08003dc1   Thumb Code     0  printf1.o(i.__0printf$1)
    __2printf                                0x08003dc1   Thumb Code     0  printf1.o(i.__0printf$1)
    __scatterload_copy                       0x08003e01   Thumb Code    14  handlers.o(i.__scatterload_copy)
    __scatterload_null                       0x08003e0f   Thumb Code     2  handlers.o(i.__scatterload_null)
    __scatterload_zeroinit                   0x08003e11   Thumb Code    14  handlers.o(i.__scatterload_zeroinit)
    fputc                                    0x08003f75   Thumb Code    20  usart.o(i.fputc)
    main                                     0x08003f8d   Thumb Code    44  main.o(i.main)
    map                                      0x08003fb9   Thumb Code    20  xinput.o(i.map)
    AHBPrescTable                            0x08003fde   Data          16  system_stm32f1xx.o(.constdata)
    APBPrescTable                            0x08003fee   Data           8  system_stm32f1xx.o(.constdata)
    Region$$Table$$Base                      0x08003ff8   Number         0  anon$$obj.o(Region$$Table)
    Region$$Table$$Limit                     0x08004018   Number         0  anon$$obj.o(Region$$Table)
    FS_Desc                                  0x20000000   Data          28  usbd_desc.o(.data)
    USBD_LangIDDesc                          0x2000001c   Data           4  usbd_desc.o(.data)
    USBD_FS_DeviceDesc                       0x20000020   Data          18  usbd_desc.o(.data)
    USBD_StringSerial                        0x20000034   Data          26  usbd_desc.o(.data)
    USBD_CustomHID_fops_FS                   0x20000054   Data          16  usbd_custom_hid_if.o(.data)
    uwTickFreq                               0x20000064   Data           1  stm32f1xx_hal.o(.data)
    uwTickPrio                               0x20000068   Data           4  stm32f1xx_hal.o(.data)
    uwTick                                   0x2000006c   Data           4  stm32f1xx_hal.o(.data)
    SystemCoreClock                          0x20000070   Data           4  system_stm32f1xx.o(.data)
    USBD_CUSTOM_HID                          0x20000078   Data          56  usbd_customhid.o(.data)
    vendor_re2                               0x200000b0   Data           8  usbd_customhid.o(.data)
    vendor_request_content                   0x20000272   Data          20  usbd_customhid.o(.data)
    ADC_Values                               0x20000286   Data           4  xinput.o(.data)
    TxData                                   0x2000028a   Data          20  xinput.o(.data)
    __stdout                                 0x200002a0   Data           4  stdout.o(.data)
    hadc1                                    0x200002a4   Data          48  adc.o(.bss)
    hdma_adc1                                0x200002d4   Data          68  adc.o(.bss)
    huart1                                   0x20000318   Data          72  usart.o(.bss)
    hUsbDeviceFS                             0x20000360   Data         708  usb_device.o(.bss)
    USBD_StrDesc                             0x20000624   Data         512  usbd_desc.o(.bss)
    hpcd_USB_FS                              0x20000840   Data         752  usbd_conf.o(.bss)
    __initial_sp                             0x20000f30   Data           0  startup_stm32f103xe.o(STACK)



==============================================================================

Memory Map of the image

  Image Entry point : 0x08000131

  Load Region LR_IROM1 (Base: 0x08000000, Size: 0x000042bc, Max: 0x00080000, ABSOLUTE, COMPRESSED[0x00004134])

    Execution Region ER_IROM1 (Exec base: 0x08000000, Load base: 0x08000000, Size: 0x00004018, Max: 0x00080000, ABSOLUTE)

    Exec Addr    Load Addr    Size         Type   Attr      Idx    E Section Name        Object

    0x08000000   0x08000000   0x00000130   Data   RO            3    RESET               startup_stm32f103xe.o
    0x08000130   0x08000130   0x00000000   Code   RO         3408  * .ARM.Collect$$$$00000000  mc_w.l(entry.o)
    0x08000130   0x08000130   0x00000004   Code   RO         3680    .ARM.Collect$$$$00000001  mc_w.l(entry2.o)
    0x08000134   0x08000134   0x00000004   Code   RO         3683    .ARM.Collect$$$$00000004  mc_w.l(entry5.o)
    0x08000138   0x08000138   0x00000000   Code   RO         3685    .ARM.Collect$$$$00000008  mc_w.l(entry7b.o)
    0x08000138   0x08000138   0x00000000   Code   RO         3687    .ARM.Collect$$$$0000000A  mc_w.l(entry8b.o)
    0x08000138   0x08000138   0x00000008   Code   RO         3688    .ARM.Collect$$$$0000000B  mc_w.l(entry9a.o)
    0x08000140   0x08000140   0x00000004   Code   RO         3695    .ARM.Collect$$$$0000000E  mc_w.l(entry12b.o)
    0x08000144   0x08000144   0x00000000   Code   RO         3690    .ARM.Collect$$$$0000000F  mc_w.l(entry10a.o)
    0x08000144   0x08000144   0x00000000   Code   RO         3692    .ARM.Collect$$$$00000011  mc_w.l(entry11a.o)
    0x08000144   0x08000144   0x00000004   Code   RO         3681    .ARM.Collect$$$$00002712  mc_w.l(entry2.o)
    0x08000148   0x08000148   0x00000024   Code   RO            4    .text               startup_stm32f103xe.o
    0x0800016c   0x0800016c   0x00000024   Code   RO         3413    .text               mc_w.l(memcpya.o)
    0x08000190   0x08000190   0x00000024   Code   RO         3415    .text               mc_w.l(memseta.o)
    0x080001b4   0x080001b4   0x0000002c   Code   RO         3697    .text               mc_w.l(uidiv.o)
    0x080001e0   0x080001e0   0x00000024   Code   RO         3712    .text               mc_w.l(init.o)
    0x08000204   0x08000204   0x00000056   Code   RO         3728    .text               mc_w.l(__dczerorl2.o)
    0x0800025a   0x0800025a   0x00000002   PAD
    0x0800025c   0x0800025c   0x00000056   Code   RO         2297    i.ADC_ConversionStop_Disable  stm32f1xx_hal_adc.o
    0x080002b2   0x080002b2   0x0000004e   Code   RO         2298    i.ADC_DMAConvCplt   stm32f1xx_hal_adc.o
    0x08000300   0x08000300   0x0000001a   Code   RO         2299    i.ADC_DMAError      stm32f1xx_hal_adc.o
    0x0800031a   0x0800031a   0x0000000a   Code   RO         2300    i.ADC_DMAHalfConvCplt  stm32f1xx_hal_adc.o
    0x08000324   0x08000324   0x0000007c   Code   RO         2301    i.ADC_Enable        stm32f1xx_hal_adc.o
    0x080003a0   0x080003a0   0x00000060   Code   RO         3360    i.ADC_Read          xinput.o
    0x08000400   0x08000400   0x00000002   Code   RO          320    i.BusFault_Handler  stm32f1xx_it.o
    0x08000402   0x08000402   0x00000002   PAD
    0x08000404   0x08000404   0x00000074   Code   RO         3361    i.Button_Read       xinput.o
    0x08000478   0x08000478   0x00000004   Code   RO          566    i.CUSTOM_HID_DeInit_FS  usbd_custom_hid_if.o
    0x0800047c   0x0800047c   0x00000004   Code   RO          567    i.CUSTOM_HID_Init_FS  usbd_custom_hid_if.o
    0x08000480   0x08000480   0x00000004   Code   RO          568    i.CUSTOM_HID_OutEvent_FS  usbd_custom_hid_if.o
    0x08000484   0x08000484   0x0000000c   Code   RO          321    i.DMA1_Channel1_IRQHandler  stm32f1xx_it.o
    0x08000490   0x08000490   0x0000002a   Code   RO         1700    i.DMA_SetConfig     stm32f1xx_hal_dma.o
    0x080004ba   0x080004ba   0x00000002   Code   RO          322    i.DebugMon_Handler  stm32f1xx_it.o
    0x080004bc   0x080004bc   0x00000004   Code   RO           13    i.Error_Handler     main.o
    0x080004c0   0x080004c0   0x000000fc   Code   RO         2303    i.HAL_ADC_ConfigChannel  stm32f1xx_hal_adc.o
    0x080005bc   0x080005bc   0x00000002   Code   RO         2304    i.HAL_ADC_ConvCpltCallback  stm32f1xx_hal_adc.o
    0x080005be   0x080005be   0x00000002   Code   RO         2305    i.HAL_ADC_ConvHalfCpltCallback  stm32f1xx_hal_adc.o
    0x080005c0   0x080005c0   0x00000002   Code   RO         2307    i.HAL_ADC_ErrorCallback  stm32f1xx_hal_adc.o
    0x080005c2   0x080005c2   0x00000002   PAD
    0x080005c4   0x080005c4   0x00000120   Code   RO         2312    i.HAL_ADC_Init      stm32f1xx_hal_adc.o
    0x080006e4   0x080006e4   0x00000090   Code   RO          207    i.HAL_ADC_MspInit   adc.o
    0x08000774   0x08000774   0x0000010c   Code   RO         2319    i.HAL_ADC_Start_DMA  stm32f1xx_hal_adc.o
    0x08000880   0x08000880   0x00000248   Code   RO         1706    i.HAL_DMA_IRQHandler  stm32f1xx_hal_dma.o
    0x08000ac8   0x08000ac8   0x0000007c   Code   RO         1707    i.HAL_DMA_Init      stm32f1xx_hal_dma.o
    0x08000b44   0x08000b44   0x00000070   Code   RO         1711    i.HAL_DMA_Start_IT  stm32f1xx_hal_dma.o
    0x08000bb4   0x08000bb4   0x00000024   Code   RO         1327    i.HAL_Delay         stm32f1xx_hal.o
    0x08000bd8   0x08000bd8   0x000001f8   Code   RO         1637    i.HAL_GPIO_Init     stm32f1xx_hal_gpio.o
    0x08000dd0   0x08000dd0   0x0000000a   Code   RO         1639    i.HAL_GPIO_ReadPin  stm32f1xx_hal_gpio.o
    0x08000dda   0x08000dda   0x00000002   PAD
    0x08000ddc   0x08000ddc   0x0000000c   Code   RO         1331    i.HAL_GetTick       stm32f1xx_hal.o
    0x08000de8   0x08000de8   0x00000010   Code   RO         1337    i.HAL_IncTick       stm32f1xx_hal.o
    0x08000df8   0x08000df8   0x00000024   Code   RO         1338    i.HAL_Init          stm32f1xx_hal.o
    0x08000e1c   0x08000e1c   0x00000040   Code   RO         1339    i.HAL_InitTick      stm32f1xx_hal.o
    0x08000e5c   0x08000e5c   0x0000003c   Code   RO          408    i.HAL_MspInit       stm32f1xx_hal_msp.o
    0x08000e98   0x08000e98   0x0000001a   Code   RO         1797    i.HAL_NVIC_EnableIRQ  stm32f1xx_hal_cortex.o
    0x08000eb2   0x08000eb2   0x00000002   PAD
    0x08000eb4   0x08000eb4   0x00000040   Code   RO         1803    i.HAL_NVIC_SetPriority  stm32f1xx_hal_cortex.o
    0x08000ef4   0x08000ef4   0x00000024   Code   RO         1804    i.HAL_NVIC_SetPriorityGrouping  stm32f1xx_hal_cortex.o
    0x08000f18   0x08000f18   0x0000003c   Code   RO         1094    i.HAL_PCDEx_PMAConfig  stm32f1xx_hal_pcd_ex.o
    0x08000f54   0x08000f54   0x00000002   Code   RO          607    i.HAL_PCDEx_SetConnectionState  usbd_conf.o
    0x08000f56   0x08000f56   0x00000012   Code   RO          609    i.HAL_PCD_DataInStageCallback  usbd_conf.o
    0x08000f68   0x08000f68   0x00000014   Code   RO          610    i.HAL_PCD_DataOutStageCallback  usbd_conf.o
    0x08000f7c   0x08000f7c   0x0000004c   Code   RO          865    i.HAL_PCD_EP_Close  stm32f1xx_hal_pcd.o
    0x08000fc8   0x08000fc8   0x0000005c   Code   RO          866    i.HAL_PCD_EP_ClrStall  stm32f1xx_hal_pcd.o
    0x08001024   0x08001024   0x000000e6   Code   RO          867    i.HAL_PCD_EP_DB_Receive  stm32f1xx_hal_pcd.o
    0x0800110a   0x0800110a   0x00000338   Code   RO          868    i.HAL_PCD_EP_DB_Transmit  stm32f1xx_hal_pcd.o
    0x08001442   0x08001442   0x0000005a   Code   RO          871    i.HAL_PCD_EP_Open   stm32f1xx_hal_pcd.o
    0x0800149c   0x0800149c   0x0000002e   Code   RO          872    i.HAL_PCD_EP_Receive  stm32f1xx_hal_pcd.o
    0x080014ca   0x080014ca   0x00000072   Code   RO          873    i.HAL_PCD_EP_SetStall  stm32f1xx_hal_pcd.o
    0x0800153c   0x0800153c   0x00000030   Code   RO          874    i.HAL_PCD_EP_Transmit  stm32f1xx_hal_pcd.o
    0x0800156c   0x0800156c   0x00000134   Code   RO          876    i.HAL_PCD_IRQHandler  stm32f1xx_hal_pcd.o
    0x080016a0   0x080016a0   0x000000da   Code   RO          879    i.HAL_PCD_Init      stm32f1xx_hal_pcd.o
    0x0800177a   0x0800177a   0x00000002   PAD
    0x0800177c   0x0800177c   0x0000003c   Code   RO          615    i.HAL_PCD_MspInit   usbd_conf.o
    0x080017b8   0x080017b8   0x00000026   Code   RO          616    i.HAL_PCD_ResetCallback  usbd_conf.o
    0x080017de   0x080017de   0x00000008   Code   RO          617    i.HAL_PCD_ResumeCallback  usbd_conf.o
    0x080017e6   0x080017e6   0x00000008   Code   RO          618    i.HAL_PCD_SOFCallback  usbd_conf.o
    0x080017ee   0x080017ee   0x00000028   Code   RO          885    i.HAL_PCD_SetAddress  stm32f1xx_hal_pcd.o
    0x08001816   0x08001816   0x0000000e   Code   RO          619    i.HAL_PCD_SetupStageCallback  usbd_conf.o
    0x08001824   0x08001824   0x00000032   Code   RO          887    i.HAL_PCD_Start     stm32f1xx_hal_pcd.o
    0x08001856   0x08001856   0x00000002   PAD
    0x08001858   0x08001858   0x00000024   Code   RO          620    i.HAL_PCD_SuspendCallback  usbd_conf.o
    0x0800187c   0x0800187c   0x000000ec   Code   RO         1599    i.HAL_RCCEx_PeriphCLKConfig  stm32f1xx_hal_rcc_ex.o
    0x08001968   0x08001968   0x0000012c   Code   RO         1495    i.HAL_RCC_ClockConfig  stm32f1xx_hal_rcc.o
    0x08001a94   0x08001a94   0x00000020   Code   RO         1502    i.HAL_RCC_GetPCLK1Freq  stm32f1xx_hal_rcc.o
    0x08001ab4   0x08001ab4   0x00000020   Code   RO         1503    i.HAL_RCC_GetPCLK2Freq  stm32f1xx_hal_rcc.o
    0x08001ad4   0x08001ad4   0x0000004c   Code   RO         1504    i.HAL_RCC_GetSysClockFreq  stm32f1xx_hal_rcc.o
    0x08001b20   0x08001b20   0x00000320   Code   RO         1507    i.HAL_RCC_OscConfig  stm32f1xx_hal_rcc.o
    0x08001e40   0x08001e40   0x00000028   Code   RO         1808    i.HAL_SYSTICK_Config  stm32f1xx_hal_cortex.o
    0x08001e68   0x08001e68   0x00000064   Code   RO         2639    i.HAL_UART_Init     stm32f1xx_hal_uart.o
    0x08001ecc   0x08001ecc   0x00000070   Code   RO          273    i.HAL_UART_MspInit  usart.o
    0x08001f3c   0x08001f3c   0x0000009a   Code   RO         2647    i.HAL_UART_Transmit  stm32f1xx_hal_uart.o
    0x08001fd6   0x08001fd6   0x00000002   Code   RO          323    i.HardFault_Handler  stm32f1xx_it.o
    0x08001fd8   0x08001fd8   0x00000038   Code   RO          480    i.IntToUnicode      usbd_desc.o
    0x08002010   0x08002010   0x00000068   Code   RO          208    i.MX_ADC1_Init      adc.o
    0x08002078   0x08002078   0x0000001c   Code   RO          248    i.MX_DMA_Init       dma.o
    0x08002094   0x08002094   0x0000001c   Code   RO          182    i.MX_GPIO_Init      gpio.o
    0x080020b0   0x080020b0   0x00000038   Code   RO          274    i.MX_USART1_UART_Init  usart.o
    0x080020e8   0x080020e8   0x00000054   Code   RO          432    i.MX_USB_DEVICE_Init  usb_device.o
    0x0800213c   0x0800213c   0x00000002   Code   RO          324    i.MemManage_Handler  stm32f1xx_it.o
    0x0800213e   0x0800213e   0x00000002   Code   RO          325    i.NMI_Handler       stm32f1xx_it.o
    0x08002140   0x08002140   0x000003ac   Code   RO          891    i.PCD_EP_ISR_Handler  stm32f1xx_hal_pcd.o
    0x080024ec   0x080024ec   0x00000002   Code   RO          326    i.PendSV_Handler    stm32f1xx_it.o
    0x080024ee   0x080024ee   0x00000002   Code   RO          327    i.SVC_Handler       stm32f1xx_it.o
    0x080024f0   0x080024f0   0x00000004   Code   RO          328    i.SysTick_Handler   stm32f1xx_it.o
    0x080024f4   0x080024f4   0x0000007e   Code   RO           14    i.SystemClock_Config  main.o
    0x08002572   0x08002572   0x00000002   Code   RO         2973    i.SystemInit        system_stm32f1xx.o
    0x08002574   0x08002574   0x000000b8   Code   RO         2665    i.UART_SetConfig    stm32f1xx_hal_uart.o
    0x0800262c   0x0800262c   0x00000078   Code   RO         2668    i.UART_WaitOnFlagUntilTimeout  stm32f1xx_hal_uart.o
    0x080026a4   0x080026a4   0x0000000c   Code   RO         3273    i.USBD_CUSTOM_HID_DataIn  usbd_customhid.o
    0x080026b0   0x080026b0   0x00000024   Code   RO         3274    i.USBD_CUSTOM_HID_DataOut  usbd_customhid.o
    0x080026d4   0x080026d4   0x00000038   Code   RO         3275    i.USBD_CUSTOM_HID_DeInit  usbd_customhid.o
    0x0800270c   0x0800270c   0x00000022   Code   RO         3276    i.USBD_CUSTOM_HID_EP0_RxReady  usbd_customhid.o
    0x0800272e   0x0800272e   0x00000002   PAD
    0x08002730   0x08002730   0x0000000c   Code   RO         3277    i.USBD_CUSTOM_HID_GetDeviceQualifierDesc  usbd_customhid.o
    0x0800273c   0x0800273c   0x0000000c   Code   RO         3278    i.USBD_CUSTOM_HID_GetFSCfgDesc  usbd_customhid.o
    0x08002748   0x08002748   0x0000000c   Code   RO         3279    i.USBD_CUSTOM_HID_GetHSCfgDesc  usbd_customhid.o
    0x08002754   0x08002754   0x0000000c   Code   RO         3280    i.USBD_CUSTOM_HID_GetOtherSpeedCfgDesc  usbd_customhid.o
    0x08002760   0x08002760   0x00000052   Code   RO         3281    i.USBD_CUSTOM_HID_Init  usbd_customhid.o
    0x080027b2   0x080027b2   0x00000010   Code   RO         3282    i.USBD_CUSTOM_HID_RegisterInterface  usbd_customhid.o
    0x080027c2   0x080027c2   0x00000026   Code   RO         3283    i.USBD_CUSTOM_HID_SendReport  usbd_customhid.o
    0x080027e8   0x080027e8   0x00000114   Code   RO         3284    i.USBD_CUSTOM_HID_Setup  usbd_customhid.o
    0x080028fc   0x080028fc   0x0000000e   Code   RO         3010    i.USBD_ClrClassConfig  usbd_core.o
    0x0800290a   0x0800290a   0x00000010   Code   RO         3213    i.USBD_CtlContinueRx  usbd_ioreq.o
    0x0800291a   0x0800291a   0x00000010   Code   RO         3214    i.USBD_CtlContinueSendData  usbd_ioreq.o
    0x0800292a   0x0800292a   0x00000016   Code   RO         3148    i.USBD_CtlError     usbd_ctlreq.o
    0x08002940   0x08002940   0x0000001e   Code   RO         3215    i.USBD_CtlPrepareRx  usbd_ioreq.o
    0x0800295e   0x0800295e   0x00000016   Code   RO         3216    i.USBD_CtlReceiveStatus  usbd_ioreq.o
    0x08002974   0x08002974   0x0000001a   Code   RO         3217    i.USBD_CtlSendData  usbd_ioreq.o
    0x0800298e   0x0800298e   0x00000016   Code   RO         3218    i.USBD_CtlSendStatus  usbd_ioreq.o
    0x080029a4   0x080029a4   0x00000028   Code   RO          481    i.USBD_FS_ConfigStrDescriptor  usbd_desc.o
    0x080029cc   0x080029cc   0x0000000c   Code   RO          482    i.USBD_FS_DeviceDescriptor  usbd_desc.o
    0x080029d8   0x080029d8   0x0000002c   Code   RO          483    i.USBD_FS_InterfaceStrDescriptor  usbd_desc.o
    0x08002a04   0x08002a04   0x0000000c   Code   RO          484    i.USBD_FS_LangIDStrDescriptor  usbd_desc.o
    0x08002a10   0x08002a10   0x00000028   Code   RO          485    i.USBD_FS_ManufacturerStrDescriptor  usbd_desc.o
    0x08002a38   0x08002a38   0x00000034   Code   RO          486    i.USBD_FS_ProductStrDescriptor  usbd_desc.o
    0x08002a6c   0x08002a6c   0x00000038   Code   RO          487    i.USBD_FS_SerialStrDescriptor  usbd_desc.o
    0x08002aa4   0x08002aa4   0x000000e8   Code   RO         3149    i.USBD_GetDescriptor  usbd_ctlreq.o
    0x08002b8c   0x08002b8c   0x00000048   Code   RO         3150    i.USBD_GetString    usbd_ctlreq.o
    0x08002bd4   0x08002bd4   0x00000018   Code   RO          621    i.USBD_Get_USB_Status  usbd_conf.o
    0x08002bec   0x08002bec   0x0000002a   Code   RO         3012    i.USBD_Init         usbd_core.o
    0x08002c16   0x08002c16   0x00000012   Code   RO          622    i.USBD_LL_ClearStallEP  usbd_conf.o
    0x08002c28   0x08002c28   0x00000012   Code   RO          623    i.USBD_LL_CloseEP   usbd_conf.o
    0x08002c3a   0x08002c3a   0x000000c6   Code   RO         3013    i.USBD_LL_DataInStage  usbd_core.o
    0x08002d00   0x08002d00   0x00000082   Code   RO         3014    i.USBD_LL_DataOutStage  usbd_core.o
    0x08002d82   0x08002d82   0x00000002   PAD
    0x08002d84   0x08002d84   0x00000070   Code   RO          628    i.USBD_LL_Init      usbd_conf.o
    0x08002df4   0x08002df4   0x00000020   Code   RO          629    i.USBD_LL_IsStallEP  usbd_conf.o
    0x08002e14   0x08002e14   0x00000018   Code   RO          630    i.USBD_LL_OpenEP    usbd_conf.o
    0x08002e2c   0x08002e2c   0x00000012   Code   RO          631    i.USBD_LL_PrepareReceive  usbd_conf.o
    0x08002e3e   0x08002e3e   0x00000050   Code   RO         3019    i.USBD_LL_Reset     usbd_core.o
    0x08002e8e   0x08002e8e   0x00000014   Code   RO         3020    i.USBD_LL_Resume    usbd_core.o
    0x08002ea2   0x08002ea2   0x00000018   Code   RO         3021    i.USBD_LL_SOF       usbd_core.o
    0x08002eba   0x08002eba   0x00000006   Code   RO         3022    i.USBD_LL_SetSpeed  usbd_core.o
    0x08002ec0   0x08002ec0   0x00000012   Code   RO          632    i.USBD_LL_SetUSBAddress  usbd_conf.o
    0x08002ed2   0x08002ed2   0x0000005a   Code   RO         3023    i.USBD_LL_SetupStage  usbd_core.o
    0x08002f2c   0x08002f2c   0x00000012   Code   RO          633    i.USBD_LL_StallEP   usbd_conf.o
    0x08002f3e   0x08002f3e   0x00000012   Code   RO          634    i.USBD_LL_Start     usbd_conf.o
    0x08002f50   0x08002f50   0x00000012   Code   RO         3024    i.USBD_LL_Suspend   usbd_core.o
    0x08002f62   0x08002f62   0x00000012   Code   RO          636    i.USBD_LL_Transmit  usbd_conf.o
    0x08002f74   0x08002f74   0x00000028   Code   RO         3151    i.USBD_ParseSetupRequest  usbd_ctlreq.o
    0x08002f9c   0x08002f9c   0x00000010   Code   RO         3025    i.USBD_RegisterClass  usbd_core.o
    0x08002fac   0x08002fac   0x00000016   Code   RO         3027    i.USBD_SetClassConfig  usbd_core.o
    0x08002fc2   0x08002fc2   0x00000002   PAD
    0x08002fc4   0x08002fc4   0x00000084   Code   RO         3152    i.USBD_SetConfig    usbd_ctlreq.o
    0x08003048   0x08003048   0x0000000a   Code   RO         3028    i.USBD_Start        usbd_core.o
    0x08003052   0x08003052   0x00000112   Code   RO         3153    i.USBD_StdDevReq    usbd_ctlreq.o
    0x08003164   0x08003164   0x00000150   Code   RO         3154    i.USBD_StdEPReq     usbd_ctlreq.o
    0x080032b4   0x080032b4   0x0000004e   Code   RO         3155    i.USBD_StdItfReq    usbd_ctlreq.o
    0x08003302   0x08003302   0x00000002   Code   RO          637    i.USBD_static_free  usbd_conf.o
    0x08003304   0x08003304   0x00000008   Code   RO          638    i.USBD_static_malloc  usbd_conf.o
    0x0800330c   0x0800330c   0x0000029c   Code   RO         1134    i.USB_ActivateEndpoint  stm32f1xx_ll_usb.o
    0x080035a8   0x080035a8   0x00000004   Code   RO         1137    i.USB_CoreInit      stm32f1xx_ll_usb.o
    0x080035ac   0x080035ac   0x0000010e   Code   RO         1139    i.USB_DeactivateEndpoint  stm32f1xx_ll_usb.o
    0x080036ba   0x080036ba   0x00000004   Code   RO         1140    i.USB_DevConnect    stm32f1xx_ll_usb.o
    0x080036be   0x080036be   0x00000004   Code   RO         1141    i.USB_DevDisconnect  stm32f1xx_ll_usb.o
    0x080036c2   0x080036c2   0x00000012   Code   RO         1142    i.USB_DevInit       stm32f1xx_ll_usb.o
    0x080036d4   0x080036d4   0x0000000e   Code   RO         1143    i.USB_DisableGlobalInt  stm32f1xx_ll_usb.o
    0x080036e2   0x080036e2   0x00000004   Code   RO         1144    i.USB_EP0_OutStart  stm32f1xx_ll_usb.o
    0x080036e6   0x080036e6   0x00000078   Code   RO         1145    i.USB_EPClearStall  stm32f1xx_ll_usb.o
    0x0800375e   0x0800375e   0x00000032   Code   RO         1146    i.USB_EPSetStall    stm32f1xx_ll_usb.o
    0x08003790   0x08003790   0x000004e2   Code   RO         1147    i.USB_EPStartXfer   stm32f1xx_ll_usb.o
    0x08003c72   0x08003c72   0x00000012   Code   RO         1149    i.USB_EnableGlobalInt  stm32f1xx_ll_usb.o
    0x08003c84   0x08003c84   0x0000000c   Code   RO          329    i.USB_LP_CAN1_RX0_IRQHandler  stm32f1xx_it.o
    0x08003c90   0x08003c90   0x00000006   Code   RO         1156    i.USB_ReadInterrupts  stm32f1xx_ll_usb.o
    0x08003c96   0x08003c96   0x00000002   PAD
    0x08003c98   0x08003c98   0x0000002c   Code   RO         1157    i.USB_ReadPMA       stm32f1xx_ll_usb.o
    0x08003cc4   0x08003cc4   0x00000004   Code   RO         1158    i.USB_SetCurrentMode  stm32f1xx_ll_usb.o
    0x08003cc8   0x08003cc8   0x0000000c   Code   RO         1159    i.USB_SetDevAddress  stm32f1xx_ll_usb.o
    0x08003cd4   0x08003cd4   0x00000026   Code   RO         1161    i.USB_WritePMA      stm32f1xx_ll_usb.o
    0x08003cfa   0x08003cfa   0x00000002   Code   RO          330    i.UsageFault_Handler  stm32f1xx_it.o
    0x08003cfc   0x08003cfc   0x00000090   Code   RO         3362    i.Xinput_Init       xinput.o
    0x08003d8c   0x08003d8c   0x00000034   Code   RO         3363    i.Xinput_Send       xinput.o
    0x08003dc0   0x08003dc0   0x00000020   Code   RO         3464    i.__0printf$1       mc_w.l(printf1.o)
    0x08003de0   0x08003de0   0x00000020   Code   RO         1810    i.__NVIC_SetPriority  stm32f1xx_hal_cortex.o
    0x08003e00   0x08003e00   0x0000000e   Code   RO         3722    i.__scatterload_copy  mc_w.l(handlers.o)
    0x08003e0e   0x08003e0e   0x00000002   Code   RO         3723    i.__scatterload_null  mc_w.l(handlers.o)
    0x08003e10   0x08003e10   0x0000000e   Code   RO         3724    i.__scatterload_zeroinit  mc_w.l(handlers.o)
    0x08003e1e   0x08003e1e   0x00000002   PAD
    0x08003e20   0x08003e20   0x00000154   Code   RO         3471    i._printf_core      mc_w.l(printf1.o)
    0x08003f74   0x08003f74   0x00000018   Code   RO          275    i.fputc             usart.o
    0x08003f8c   0x08003f8c   0x0000002c   Code   RO           15    i.main              main.o
    0x08003fb8   0x08003fb8   0x00000014   Code   RO         3364    i.map               xinput.o
    0x08003fcc   0x08003fcc   0x00000012   Data   RO         1508    .constdata          stm32f1xx_hal_rcc.o
    0x08003fde   0x08003fde   0x00000010   Data   RO         2974    .constdata          system_stm32f1xx.o
    0x08003fee   0x08003fee   0x00000008   Data   RO         2975    .constdata          system_stm32f1xx.o
    0x08003ff6   0x08003ff6   0x00000002   PAD
    0x08003ff8   0x08003ff8   0x00000020   Data   RO         3720    Region$$Table       anon$$obj.o


    Execution Region RW_IRAM1 (Exec base: 0x20000000, Load base: 0x08004018, Size: 0x00000f30, Max: 0x00010000, ABSOLUTE, COMPRESSED[0x0000011c])

    Exec Addr    Load Addr    Size         Type   Attr      Idx    E Section Name        Object

    0x20000000   COMPRESSED   0x0000001c   Data   RW          489    .data               usbd_desc.o
    0x2000001c   COMPRESSED   0x00000032   Data   RW          490    .data               usbd_desc.o
    0x2000004e   COMPRESSED   0x00000002   PAD
    0x20000050   COMPRESSED   0x00000002   Data   RW          569    .data               usbd_custom_hid_if.o
    0x20000052   COMPRESSED   0x00000002   PAD
    0x20000054   COMPRESSED   0x00000010   Data   RW          570    .data               usbd_custom_hid_if.o
    0x20000064   COMPRESSED   0x0000000c   Data   RW         1345    .data               stm32f1xx_hal.o
    0x20000070   COMPRESSED   0x00000004   Data   RW         2976    .data               system_stm32f1xx.o
    0x20000074   COMPRESSED   0x00000001   Data   RW         3156    .data               usbd_ctlreq.o
    0x20000075   COMPRESSED   0x00000003   PAD
    0x20000078   COMPRESSED   0x00000038   Data   RW         3285    .data               usbd_customhid.o
    0x200000b0   COMPRESSED   0x000001d6   Data   RW         3286    .data               usbd_customhid.o
    0x20000286   COMPRESSED   0x00000018   Data   RW         3365    .data               xinput.o
    0x2000029e   COMPRESSED   0x00000002   PAD
    0x200002a0   COMPRESSED   0x00000004   Data   RW         3696    .data               mc_w.l(stdout.o)
    0x200002a4        -       0x00000074   Zero   RW          209    .bss                adc.o
    0x20000318        -       0x00000048   Zero   RW          276    .bss                usart.o
    0x20000360        -       0x000002c4   Zero   RW          433    .bss                usb_device.o
    0x20000624        -       0x00000200   Zero   RW          488    .bss                usbd_desc.o
    0x20000824        -       0x0000030c   Zero   RW          639    .bss                usbd_conf.o
    0x20000b30        -       0x00000400   Zero   RW            1    STACK               startup_stm32f103xe.o


==============================================================================

Image component sizes


      Code (inc. data)   RO Data    RW Data    ZI Data      Debug   Object Name

       248         30          0          0        116       1735   adc.o
        28          6          0          0          0        718   dma.o
        28          6          0          0          0        727   gpio.o
       174          0          0          0          0     490036   main.o
        36          8        304          0       1024        792   startup_stm32f103xe.o
       164         28          0         12          0       6433   stm32f1xx_hal.o
      1138         60          0          0          0       8474   stm32f1xx_hal_adc.o
       198         14          0          0          0      28903   stm32f1xx_hal_cortex.o
       862         44          0          0          0       3615   stm32f1xx_hal_dma.o
       514         42          0          0          0       2879   stm32f1xx_hal_gpio.o
        60          8          0          0          0        850   stm32f1xx_hal_msp.o
      3076          0          0          0          0      13569   stm32f1xx_hal_pcd.o
        60          0          0          0          0       1158   stm32f1xx_hal_pcd_ex.o
      1240         84         18          0          0       5064   stm32f1xx_hal_rcc.o
       236         12          0          0          0       1364   stm32f1xx_hal_rcc_ex.o
       558          6          0          0          0       3932   stm32f1xx_hal_uart.o
        44         12          0          0          0       4678   stm32f1xx_it.o
      2528          0          0          0          0      15943   stm32f1xx_ll_usb.o
         2          0         24          4          0       1091   system_stm32f1xx.o
       192         24          0          0         72       2182   usart.o
        84         18          0          0        708       2226   usb_device.o
       532         28          0          0        780      13437   usbd_conf.o
       670          0          0          0          0       9339   usbd_core.o
      1186         28          0          1          0       7832   usbd_ctlreq.o
        12          0          0         18          0       2036   usbd_custom_hid_if.o
       598         34          0        526          0      10897   usbd_customhid.o
       312        128          0         78        512       5857   usbd_desc.o
       132          0          0          0          0       4260   usbd_ioreq.o
       428         54          0         24          0       3644   xinput.o

    ----------------------------------------------------------------------
     15360        674        380        672       3212     653671   Object Totals
         0          0         32          0          0          0   (incl. Generated)
        20          0          2          9          0          0   (incl. Padding)

    ----------------------------------------------------------------------

      Code (inc. data)   RO Data    RW Data    ZI Data      Debug   Library Member Name

        86          0          0          0          0          0   __dczerorl2.o
         0          0          0          0          0          0   entry.o
         0          0          0          0          0          0   entry10a.o
         0          0          0          0          0          0   entry11a.o
         4          0          0          0          0          0   entry12b.o
         8          4          0          0          0          0   entry2.o
         4          0          0          0          0          0   entry5.o
         0          0          0          0          0          0   entry7b.o
         0          0          0          0          0          0   entry8b.o
         8          4          0          0          0          0   entry9a.o
        30          0          0          0          0          0   handlers.o
        36          8          0          0          0         68   init.o
        36          0          0          0          0         68   memcpya.o
        36          0          0          0          0        108   memseta.o
       372         14          0          0          0        184   printf1.o
         0          0          0          4          0          0   stdout.o
        44          0          0          0          0         80   uidiv.o

    ----------------------------------------------------------------------
       668         30          0          4          0        508   Library Totals
         4          0          0          0          0          0   (incl. Padding)

    ----------------------------------------------------------------------

      Code (inc. data)   RO Data    RW Data    ZI Data      Debug   Library Name

       664         30          0          4          0        508   mc_w.l

    ----------------------------------------------------------------------
       668         30          0          4          0        508   Library Totals

    ----------------------------------------------------------------------

==============================================================================


      Code (inc. data)   RO Data    RW Data    ZI Data      Debug   

     16028        704        380        676       3212     645727   Grand Totals
     16028        704        380        284       3212     645727   ELF Image Totals (compressed)
     16028        704        380        284          0          0   ROM Totals

==============================================================================

    Total RO  Size (Code + RO Data)                16408 (  16.02kB)
    Total RW  Size (RW Data + ZI Data)              3888 (   3.80kB)
    Total ROM Size (Code + RO Data + RW Data)      16692 (  16.30kB)

==============================================================================

